Archive member included to satisfy reference by file (symbol)

c:/users/lenovo/desktop/mplab x ide/compiler/avr/bin/../lib/gcc/avr/5.4.0/../../../../avr/lib/avr5/memx-const\libm.a(fixunssfsi.o)
                              build/default/production/HAL/LM35/LM35_App.o (__fixunssfsi)
c:/users/lenovo/desktop/mplab x ide/compiler/avr/bin/../lib/gcc/avr/5.4.0/../../../../avr/lib/avr5/memx-const\libm.a(floatsisf.o)
                              build/default/production/HAL/LM35/LM35_App.o (__floatunsisf)
c:/users/lenovo/desktop/mplab x ide/compiler/avr/bin/../lib/gcc/avr/5.4.0/../../../../avr/lib/avr5/memx-const\libm.a(fp_split3.o)
                              c:/users/lenovo/desktop/mplab x ide/compiler/avr/bin/../lib/gcc/avr/5.4.0/../../../../avr/lib/avr5/memx-const\libm.a(fixunssfsi.o) (__fp_splitA)
c:/users/lenovo/desktop/mplab x ide/compiler/avr/bin/../lib/gcc/avr/5.4.0/../../../../avr/lib/avr5/memx-const\libm.a(fp_zero.o)
                              c:/users/lenovo/desktop/mplab x ide/compiler/avr/bin/../lib/gcc/avr/5.4.0/../../../../avr/lib/avr5/memx-const\libm.a(fixunssfsi.o) (__fp_zero)
c:/users/lenovo/desktop/mplab x ide/compiler/avr/bin/../lib/gcc/avr/5.4.0/../../../../avr/lib/avr5/memx-const\libm.a(mulsf3.o)
                              build/default/production/HAL/LM35/LM35_App.o (__mulsf3)
c:/users/lenovo/desktop/mplab x ide/compiler/avr/bin/../lib/gcc/avr/5.4.0/../../../../avr/lib/avr5/memx-const\libm.a(mulsf3x.o)
                              c:/users/lenovo/desktop/mplab x ide/compiler/avr/bin/../lib/gcc/avr/5.4.0/../../../../avr/lib/avr5/memx-const\libm.a(mulsf3.o) (__mulsf3x)
c:/users/lenovo/desktop/mplab x ide/compiler/avr/bin/../lib/gcc/avr/5.4.0/../../../../avr/lib/avr5/memx-const\libm.a(fp_inf.o)
                              c:/users/lenovo/desktop/mplab x ide/compiler/avr/bin/../lib/gcc/avr/5.4.0/../../../../avr/lib/avr5/memx-const\libm.a(mulsf3x.o) (__fp_inf)
c:/users/lenovo/desktop/mplab x ide/compiler/avr/bin/../lib/gcc/avr/5.4.0/../../../../avr/lib/avr5/memx-const\libm.a(fp_nan.o)
                              c:/users/lenovo/desktop/mplab x ide/compiler/avr/bin/../lib/gcc/avr/5.4.0/../../../../avr/lib/avr5/memx-const\libm.a(mulsf3x.o) (__fp_nan)
c:/users/lenovo/desktop/mplab x ide/compiler/avr/bin/../lib/gcc/avr/5.4.0/../../../../avr/lib/avr5/memx-const\libm.a(fp_pscA.o)
                              c:/users/lenovo/desktop/mplab x ide/compiler/avr/bin/../lib/gcc/avr/5.4.0/../../../../avr/lib/avr5/memx-const\libm.a(mulsf3x.o) (__fp_pscA)
c:/users/lenovo/desktop/mplab x ide/compiler/avr/bin/../lib/gcc/avr/5.4.0/../../../../avr/lib/avr5/memx-const\libm.a(fp_pscB.o)
                              c:/users/lenovo/desktop/mplab x ide/compiler/avr/bin/../lib/gcc/avr/5.4.0/../../../../avr/lib/avr5/memx-const\libm.a(mulsf3x.o) (__fp_pscB)
c:/users/lenovo/desktop/mplab x ide/compiler/avr/bin/../lib/gcc/avr/5.4.0/../../../../avr/lib/avr5/memx-const\libm.a(fp_round.o)
                              c:/users/lenovo/desktop/mplab x ide/compiler/avr/bin/../lib/gcc/avr/5.4.0/../../../../avr/lib/avr5/memx-const\libm.a(mulsf3.o) (__fp_round)
c:/users/lenovo/desktop/mplab x ide/compiler/avr/bin/../lib/gcc/avr/5.4.0/avr5/memx-const\libgcc.a(_divmodhi4.o)
                              build/default/production/LIB/Helper_Functions.o (__divmodhi4)
c:/users/lenovo/desktop/mplab x ide/compiler/avr/bin/../lib/gcc/avr/5.4.0/avr5/memx-const\libgcc.a(_udivmodsi4.o)
                              build/default/production/OS/OS_App.o (__udivmodsi4)
c:/users/lenovo/desktop/mplab x ide/compiler/avr/bin/../lib/gcc/avr/5.4.0/avr5/memx-const\libgcc.a(_copy_data.o)
                              build/default/production/main.o (__do_copy_data)
c:/users/lenovo/desktop/mplab x ide/compiler/avr/bin/../lib/gcc/avr/5.4.0/avr5/memx-const\libgcc.a(_umulhisi3.o)
                              build/default/production/LIB/Helper_Functions.o (__umulhisi3)
c:/users/lenovo/desktop/mplab x ide/compiler/avr/bin/../lib/gcc/avr/5.4.0/avr5/memx-const\libgcc.a(_udivmodhi4.o)
                              c:/users/lenovo/desktop/mplab x ide/compiler/avr/bin/../lib/gcc/avr/5.4.0/avr5/memx-const\libgcc.a(_divmodhi4.o) (__udivmodhi4)
c:/users/lenovo/desktop/mplab x ide/compiler/avr/bin/../lib/gcc/avr/5.4.0/../../../../avr/lib/avr5/memx-const\libc.a(exit.o)
                              C:/Users/LENOVO/Desktop/Mplab X IDE/installation/packs/Microchip/ATmega_DFP/3.0.158/xc8/avr/lib/avr5/memx-const/crtatmega32.o (exit)
c:/users/lenovo/desktop/mplab x ide/compiler/avr/bin/../lib/gcc/avr/5.4.0/../../../../avr/lib/avr5/memx-const\libc.a(_Exit.o)
                              c:/users/lenovo/desktop/mplab x ide/compiler/avr/bin/../lib/gcc/avr/5.4.0/../../../../avr/lib/avr5/memx-const\libc.a(exit.o) (_Exit)
c:/users/lenovo/desktop/mplab x ide/compiler/avr/bin/../lib/gcc/avr/5.4.0/avr5/memx-const\libgcc.a(_exit.o)
                              c:/users/lenovo/desktop/mplab x ide/compiler/avr/bin/../lib/gcc/avr/5.4.0/../../../../avr/lib/avr5/memx-const\libc.a(_Exit.o) (_exit)

Discarded input sections

 .data          0x0000000000000000        0x0 C:/Users/LENOVO/Desktop/Mplab X IDE/installation/packs/Microchip/ATmega_DFP/3.0.158/xc8/avr/lib/avr5/memx-const/crtatmega32.o
 .bss           0x0000000000000000        0x0 C:/Users/LENOVO/Desktop/Mplab X IDE/installation/packs/Microchip/ATmega_DFP/3.0.158/xc8/avr/lib/avr5/memx-const/crtatmega32.o
 .text          0x0000000000000000        0x0 build/default/production/HAL/7_Segments/7Seg_App.o
 .data          0x0000000000000000        0x0 build/default/production/HAL/7_Segments/7Seg_App.o
 .bss           0x0000000000000000        0x0 build/default/production/HAL/7_Segments/7Seg_App.o
 .text.SEG_Write
                0x0000000000000000       0x18 build/default/production/HAL/7_Segments/7Seg_App.o
 .debug_info    0x0000000000000000      0x385 build/default/production/HAL/7_Segments/7Seg_App.o
 .debug_abbrev  0x0000000000000000       0xa1 build/default/production/HAL/7_Segments/7Seg_App.o
 .debug_loc     0x0000000000000000       0x2c build/default/production/HAL/7_Segments/7Seg_App.o
 .debug_aranges
                0x0000000000000000       0x20 build/default/production/HAL/7_Segments/7Seg_App.o
 .debug_ranges  0x0000000000000000       0x10 build/default/production/HAL/7_Segments/7Seg_App.o
 .debug_line    0x0000000000000000       0xb2 build/default/production/HAL/7_Segments/7Seg_App.o
 .debug_str     0x0000000000000000       0x1b build/default/production/HAL/7_Segments/7Seg_App.o
 .comment       0x0000000000000000       0x30 build/default/production/HAL/7_Segments/7Seg_App.o
 .debug_frame   0x0000000000000000       0x2c build/default/production/HAL/7_Segments/7Seg_App.o
 .text          0x0000000000000000        0x0 build/default/production/HAL/KEYPAD/KEYPAD_App.o
 .data          0x0000000000000000        0x0 build/default/production/HAL/KEYPAD/KEYPAD_App.o
 .bss           0x0000000000000000        0x0 build/default/production/HAL/KEYPAD/KEYPAD_App.o
 .text.KEYPAD_Init
                0x0000000000000000      0x226 build/default/production/HAL/KEYPAD/KEYPAD_App.o
 .text.KEYPAD_ReadChar
                0x0000000000000000      0x380 build/default/production/HAL/KEYPAD/KEYPAD_App.o
 .progmemx.data.characters
                0x0000000000000000       0x10 build/default/production/HAL/KEYPAD/KEYPAD_App.o
 .debug_info    0x0000000000000000      0x5da build/default/production/HAL/KEYPAD/KEYPAD_App.o
 .debug_abbrev  0x0000000000000000      0x180 build/default/production/HAL/KEYPAD/KEYPAD_App.o
 .debug_loc     0x0000000000000000      0x36a build/default/production/HAL/KEYPAD/KEYPAD_App.o
 .debug_aranges
                0x0000000000000000       0x28 build/default/production/HAL/KEYPAD/KEYPAD_App.o
 .debug_ranges  0x0000000000000000       0x48 build/default/production/HAL/KEYPAD/KEYPAD_App.o
 .debug_line    0x0000000000000000      0x231 build/default/production/HAL/KEYPAD/KEYPAD_App.o
 .debug_str     0x0000000000000000       0x11 build/default/production/HAL/KEYPAD/KEYPAD_App.o
 .comment       0x0000000000000000       0x30 build/default/production/HAL/KEYPAD/KEYPAD_App.o
 .debug_frame   0x0000000000000000       0x70 build/default/production/HAL/KEYPAD/KEYPAD_App.o
 .text          0x0000000000000000        0x0 build/default/production/HAL/LCD/LCD_App.o
 .data          0x0000000000000000        0x0 build/default/production/HAL/LCD/LCD_App.o
 .bss           0x0000000000000000        0x0 build/default/production/HAL/LCD/LCD_App.o
 .text.SetLcdPin
                0x0000000000000000      0x110 build/default/production/HAL/LCD/LCD_App.o
 .text.LCD_SendPinData
                0x0000000000000000      0x144 build/default/production/HAL/LCD/LCD_App.o
 .text.LCD_SendEnableSignal
                0x0000000000000000       0x2e build/default/production/HAL/LCD/LCD_App.o
 .text.LCD_SendCommand_8bit
                0x0000000000000000       0xa0 build/default/production/HAL/LCD/LCD_App.o
 .text.LCD_Init
                0x0000000000000000       0xb4 build/default/production/HAL/LCD/LCD_App.o
 .text.LCD_WriteChar
                0x0000000000000000       0x94 build/default/production/HAL/LCD/LCD_App.o
 .text.LCD_WriteString
                0x0000000000000000       0x2e build/default/production/HAL/LCD/LCD_App.o
 .text.LCD_Clear
                0x0000000000000000        0xc build/default/production/HAL/LCD/LCD_App.o
 .text.LCD_SetCursor
                0x0000000000000000       0x48 build/default/production/HAL/LCD/LCD_App.o
 .text.LCD_WriteCustomChar
                0x0000000000000000       0x68 build/default/production/HAL/LCD/LCD_App.o
 .text.LCD_CursorBlinking
                0x0000000000000000       0x1c build/default/production/HAL/LCD/LCD_App.o
 .text.LCD_MoveCursorRight
                0x0000000000000000        0x8 build/default/production/HAL/LCD/LCD_App.o
 .text.LCD_MoveCursorLeft
                0x0000000000000000        0x8 build/default/production/HAL/LCD/LCD_App.o
 .debug_info    0x0000000000000000      0xe84 build/default/production/HAL/LCD/LCD_App.o
 .debug_abbrev  0x0000000000000000      0x214 build/default/production/HAL/LCD/LCD_App.o
 .debug_loc     0x0000000000000000      0x960 build/default/production/HAL/LCD/LCD_App.o
 .debug_aranges
                0x0000000000000000       0x80 build/default/production/HAL/LCD/LCD_App.o
 .debug_ranges  0x0000000000000000       0x70 build/default/production/HAL/LCD/LCD_App.o
 .debug_line    0x0000000000000000      0x4a0 build/default/production/HAL/LCD/LCD_App.o
 .debug_str     0x0000000000000000       0x2d build/default/production/HAL/LCD/LCD_App.o
 .comment       0x0000000000000000       0x30 build/default/production/HAL/LCD/LCD_App.o
 .debug_frame   0x0000000000000000      0x174 build/default/production/HAL/LCD/LCD_App.o
 .text          0x0000000000000000        0x0 build/default/production/HAL/LED/LED_App.o
 .data          0x0000000000000000        0x0 build/default/production/HAL/LED/LED_App.o
 .bss           0x0000000000000000        0x0 build/default/production/HAL/LED/LED_App.o
 .text.LED_On   0x0000000000000000       0x88 build/default/production/HAL/LED/LED_App.o
 .text          0x0000000000000000        0x0 build/default/production/HAL/LM35/LM35_App.o
 .data          0x0000000000000000        0x0 build/default/production/HAL/LM35/LM35_App.o
 .bss           0x0000000000000000        0x0 build/default/production/HAL/LM35/LM35_App.o
 .text.LM35_Init
                0x0000000000000000        0x6 build/default/production/HAL/LM35/LM35_App.o
 .text.LM35_ReadTempratue
                0x0000000000000000       0x3a build/default/production/HAL/LM35/LM35_App.o
 .debug_info    0x0000000000000000      0x39e build/default/production/HAL/LM35/LM35_App.o
 .debug_abbrev  0x0000000000000000       0xbd build/default/production/HAL/LM35/LM35_App.o
 .debug_loc     0x0000000000000000       0xdd build/default/production/HAL/LM35/LM35_App.o
 .debug_aranges
                0x0000000000000000       0x28 build/default/production/HAL/LM35/LM35_App.o
 .debug_ranges  0x0000000000000000       0x18 build/default/production/HAL/LM35/LM35_App.o
 .debug_line    0x0000000000000000       0xb4 build/default/production/HAL/LM35/LM35_App.o
 .debug_str     0x0000000000000000       0x1c build/default/production/HAL/LM35/LM35_App.o
 .comment       0x0000000000000000       0x30 build/default/production/HAL/LM35/LM35_App.o
 .debug_frame   0x0000000000000000       0x40 build/default/production/HAL/LM35/LM35_App.o
 .text          0x0000000000000000        0x0 build/default/production/HAL/MOTOR/MOTOR_App.o
 .data          0x0000000000000000        0x0 build/default/production/HAL/MOTOR/MOTOR_App.o
 .bss           0x0000000000000000        0x0 build/default/production/HAL/MOTOR/MOTOR_App.o
 .text.MOTOR_Init
                0x0000000000000000      0x14c build/default/production/HAL/MOTOR/MOTOR_App.o
 .text.MOTOR_TurnRight
                0x0000000000000000      0x156 build/default/production/HAL/MOTOR/MOTOR_App.o
 .text.MOTOR_TurnLeft
                0x0000000000000000      0x154 build/default/production/HAL/MOTOR/MOTOR_App.o
 .text.MOTOR_Stop
                0x0000000000000000      0x15e build/default/production/HAL/MOTOR/MOTOR_App.o
 .debug_info    0x0000000000000000      0x3da build/default/production/HAL/MOTOR/MOTOR_App.o
 .debug_abbrev  0x0000000000000000       0xaf build/default/production/HAL/MOTOR/MOTOR_App.o
 .debug_loc     0x0000000000000000       0xa0 build/default/production/HAL/MOTOR/MOTOR_App.o
 .debug_aranges
                0x0000000000000000       0x38 build/default/production/HAL/MOTOR/MOTOR_App.o
 .debug_ranges  0x0000000000000000       0x28 build/default/production/HAL/MOTOR/MOTOR_App.o
 .debug_line    0x0000000000000000      0x245 build/default/production/HAL/MOTOR/MOTOR_App.o
 .debug_str     0x0000000000000000        0x9 build/default/production/HAL/MOTOR/MOTOR_App.o
 .comment       0x0000000000000000       0x30 build/default/production/HAL/MOTOR/MOTOR_App.o
 .debug_frame   0x0000000000000000       0x54 build/default/production/HAL/MOTOR/MOTOR_App.o
 .text          0x0000000000000000        0x0 build/default/production/LIB/Helper_Functions.o
 .data          0x0000000000000000        0x0 build/default/production/LIB/Helper_Functions.o
 .bss           0x0000000000000000        0x0 build/default/production/LIB/Helper_Functions.o
 .text.tostring
                0x0000000000000000       0xc0 build/default/production/LIB/Helper_Functions.o
 .debug_info    0x0000000000000000      0x355 build/default/production/LIB/Helper_Functions.o
 .debug_abbrev  0x0000000000000000       0x8b build/default/production/LIB/Helper_Functions.o
 .debug_loc     0x0000000000000000      0x1b5 build/default/production/LIB/Helper_Functions.o
 .debug_aranges
                0x0000000000000000       0x20 build/default/production/LIB/Helper_Functions.o
 .debug_ranges  0x0000000000000000       0x10 build/default/production/LIB/Helper_Functions.o
 .debug_line    0x0000000000000000       0xc1 build/default/production/LIB/Helper_Functions.o
 .debug_str     0x0000000000000000        0x0 build/default/production/LIB/Helper_Functions.o
 .comment       0x0000000000000000       0x30 build/default/production/LIB/Helper_Functions.o
 .debug_frame   0x0000000000000000       0x44 build/default/production/LIB/Helper_Functions.o
 .text          0x0000000000000000        0x0 build/default/production/MCAL/ADC/ADC_App.o
 .data          0x0000000000000000        0x0 build/default/production/MCAL/ADC/ADC_App.o
 .bss           0x0000000000000000        0x0 build/default/production/MCAL/ADC/ADC_App.o
 .text.ADC_Init
                0x0000000000000000       0x1c build/default/production/MCAL/ADC/ADC_App.o
 .text.ADC_DeInit
                0x0000000000000000        0x4 build/default/production/MCAL/ADC/ADC_App.o
 .text.ADC_InterruptEnable
                0x0000000000000000        0x4 build/default/production/MCAL/ADC/ADC_App.o
 .text.ADC_InterruptDisable
                0x0000000000000000        0x4 build/default/production/MCAL/ADC/ADC_App.o
 .text.ADC_ReadConversion
                0x0000000000000000       0x2e build/default/production/MCAL/ADC/ADC_App.o
 .text.ADC_ReadConversionAsynchronous
                0x0000000000000000       0x42 build/default/production/MCAL/ADC/ADC_App.o
 .text          0x0000000000000000        0x0 build/default/production/MCAL/DIO/DIO_App.o
 .data          0x0000000000000000        0x0 build/default/production/MCAL/DIO/DIO_App.o
 .bss           0x0000000000000000        0x0 build/default/production/MCAL/DIO/DIO_App.o
 .text.DIO_PinWrite
                0x0000000000000000       0xe0 build/default/production/MCAL/DIO/DIO_App.o
 .text.DIO_PinRead
                0x0000000000000000       0x5c build/default/production/MCAL/DIO/DIO_App.o
 .text.DIO_PinToggle
                0x0000000000000000       0x68 build/default/production/MCAL/DIO/DIO_App.o
 .text.DIO_PortInit
                0x0000000000000000       0x20 build/default/production/MCAL/DIO/DIO_App.o
 .text.DIO_PortWrite
                0x0000000000000000       0x20 build/default/production/MCAL/DIO/DIO_App.o
 .text.DIO_PortRead
                0x0000000000000000       0x24 build/default/production/MCAL/DIO/DIO_App.o
 .text          0x0000000000000000        0x0 build/default/production/MCAL/GIE/GIE_App.o
 .data          0x0000000000000000        0x0 build/default/production/MCAL/GIE/GIE_App.o
 .bss           0x0000000000000000        0x0 build/default/production/MCAL/GIE/GIE_App.o
 .text.GIE_InterruptDisable
                0x0000000000000000        0x8 build/default/production/MCAL/GIE/GIE_App.o
 .text          0x0000000000000000        0x0 build/default/production/MCAL/INTERRUPT/INT_App.o
 .data          0x0000000000000000        0x0 build/default/production/MCAL/INTERRUPT/INT_App.o
 .bss           0x0000000000000000        0x0 build/default/production/MCAL/INTERRUPT/INT_App.o
 .text.INT0_Init
                0x0000000000000000       0x1c build/default/production/MCAL/INTERRUPT/INT_App.o
 .text.INT1_Init
                0x0000000000000000       0x1c build/default/production/MCAL/INTERRUPT/INT_App.o
 .text.INT2_Init
                0x0000000000000000       0x16 build/default/production/MCAL/INTERRUPT/INT_App.o
 .text          0x0000000000000000        0x0 build/default/production/MCAL/PORT/PORT_App.o
 .data          0x0000000000000000        0x0 build/default/production/MCAL/PORT/PORT_App.o
 .bss           0x0000000000000000        0x0 build/default/production/MCAL/PORT/PORT_App.o
 .debug_info    0x0000000000000000      0x29e build/default/production/MCAL/PORT/PORT_App.o
 .debug_abbrev  0x0000000000000000       0x1b build/default/production/MCAL/PORT/PORT_App.o
 .debug_aranges
                0x0000000000000000       0x18 build/default/production/MCAL/PORT/PORT_App.o
 .debug_line    0x0000000000000000       0x1a build/default/production/MCAL/PORT/PORT_App.o
 .debug_str     0x0000000000000000        0x0 build/default/production/MCAL/PORT/PORT_App.o
 .comment       0x0000000000000000       0x30 build/default/production/MCAL/PORT/PORT_App.o
 .text          0x0000000000000000        0x0 build/default/production/MCAL/SLEEP/SLEEP_App.o
 .data          0x0000000000000000        0x0 build/default/production/MCAL/SLEEP/SLEEP_App.o
 .bss           0x0000000000000000        0x0 build/default/production/MCAL/SLEEP/SLEEP_App.o
 .text.SLEEP_SelectMode
                0x0000000000000000       0x12 build/default/production/MCAL/SLEEP/SLEEP_App.o
 .text.SLEEP_Enable
                0x0000000000000000        0xa build/default/production/MCAL/SLEEP/SLEEP_App.o
 .text.SLEEP_Disable
                0x0000000000000000        0x8 build/default/production/MCAL/SLEEP/SLEEP_App.o
 .debug_info    0x0000000000000000      0x370 build/default/production/MCAL/SLEEP/SLEEP_App.o
 .debug_abbrev  0x0000000000000000       0x91 build/default/production/MCAL/SLEEP/SLEEP_App.o
 .debug_loc     0x0000000000000000       0x21 build/default/production/MCAL/SLEEP/SLEEP_App.o
 .debug_aranges
                0x0000000000000000       0x30 build/default/production/MCAL/SLEEP/SLEEP_App.o
 .debug_ranges  0x0000000000000000       0x20 build/default/production/MCAL/SLEEP/SLEEP_App.o
 .debug_line    0x0000000000000000       0xb1 build/default/production/MCAL/SLEEP/SLEEP_App.o
 .debug_str     0x0000000000000000        0x0 build/default/production/MCAL/SLEEP/SLEEP_App.o
 .comment       0x0000000000000000       0x30 build/default/production/MCAL/SLEEP/SLEEP_App.o
 .debug_frame   0x0000000000000000       0x44 build/default/production/MCAL/SLEEP/SLEEP_App.o
 .text          0x0000000000000000        0x0 build/default/production/MCAL/SPI/SPI_App.o
 .data          0x0000000000000000        0x0 build/default/production/MCAL/SPI/SPI_App.o
 .bss           0x0000000000000000        0x0 build/default/production/MCAL/SPI/SPI_App.o
 .text.SPI_Init
                0x0000000000000000       0x44 build/default/production/MCAL/SPI/SPI_App.o
 .bss.SPI_INTERRUPT_HANDLER
                0x0000000000000000        0x2 build/default/production/MCAL/SPI/SPI_App.o
 .text          0x0000000000000000        0x0 build/default/production/MCAL/TIMER0/TMR0_App.o
 .data          0x0000000000000000        0x0 build/default/production/MCAL/TIMER0/TMR0_App.o
 .bss           0x0000000000000000        0x0 build/default/production/MCAL/TIMER0/TMR0_App.o
 .text.TMR0_DeInit
                0x0000000000000000        0x8 build/default/production/MCAL/TIMER0/TMR0_App.o
 .text.TMR0_Pwm
                0x0000000000000000       0x5a build/default/production/MCAL/TIMER0/TMR0_App.o
 .text          0x0000000000000000        0x0 build/default/production/MCAL/TIMER1/TMR1_App.o
 .data          0x0000000000000000        0x0 build/default/production/MCAL/TIMER1/TMR1_App.o
 .bss           0x0000000000000000        0x0 build/default/production/MCAL/TIMER1/TMR1_App.o
 .text.TMR1_Init
                0x0000000000000000       0x64 build/default/production/MCAL/TIMER1/TMR1_App.o
 .text.TMR1_DeInit
                0x0000000000000000       0x12 build/default/production/MCAL/TIMER1/TMR1_App.o
 .text.TMR1_Pwm_A
                0x0000000000000000        0x2 build/default/production/MCAL/TIMER1/TMR1_App.o
 .text.TMR1_Pwm_B
                0x0000000000000000        0x2 build/default/production/MCAL/TIMER1/TMR1_App.o
 .text.TMR1_ICU_Init
                0x0000000000000000       0x30 build/default/production/MCAL/TIMER1/TMR1_App.o
 .text.TMR1_ICU_DeInit
                0x0000000000000000        0x8 build/default/production/MCAL/TIMER1/TMR1_App.o
 .text.TMR1_ICU_Edge
                0x0000000000000000        0xa build/default/production/MCAL/TIMER1/TMR1_App.o
 .text.TMR1_ICU_ReadInputCapture
                0x0000000000000000        0xa build/default/production/MCAL/TIMER1/TMR1_App.o
 .text          0x0000000000000000        0x0 build/default/production/MCAL/TWI/TWI_App.o
 .data          0x0000000000000000        0x0 build/default/production/MCAL/TWI/TWI_App.o
 .bss           0x0000000000000000        0x0 build/default/production/MCAL/TWI/TWI_App.o
 .text.TWI_Init
                0x0000000000000000       0x1a build/default/production/MCAL/TWI/TWI_App.o
 .text.TWI_Start
                0x0000000000000000       0x1a build/default/production/MCAL/TWI/TWI_App.o
 .text.TWI_Stop
                0x0000000000000000       0x14 build/default/production/MCAL/TWI/TWI_App.o
 .text.TWI_Write
                0x0000000000000000       0x16 build/default/production/MCAL/TWI/TWI_App.o
 .text.TWI_Read
                0x0000000000000000       0x1a build/default/production/MCAL/TWI/TWI_App.o
 .text.TWI_Status
                0x0000000000000000        0xe build/default/production/MCAL/TWI/TWI_App.o
 .text.TWI_SetSlaveAddress
                0x0000000000000000        0xc build/default/production/MCAL/TWI/TWI_App.o
 .debug_info    0x0000000000000000      0x4ff build/default/production/MCAL/TWI/TWI_App.o
 .debug_abbrev  0x0000000000000000       0xe5 build/default/production/MCAL/TWI/TWI_App.o
 .debug_loc     0x0000000000000000       0x76 build/default/production/MCAL/TWI/TWI_App.o
 .debug_aranges
                0x0000000000000000       0x50 build/default/production/MCAL/TWI/TWI_App.o
 .debug_ranges  0x0000000000000000       0x40 build/default/production/MCAL/TWI/TWI_App.o
 .debug_line    0x0000000000000000      0x16f build/default/production/MCAL/TWI/TWI_App.o
 .debug_str     0x0000000000000000        0x9 build/default/production/MCAL/TWI/TWI_App.o
 .comment       0x0000000000000000       0x30 build/default/production/MCAL/TWI/TWI_App.o
 .debug_frame   0x0000000000000000       0x84 build/default/production/MCAL/TWI/TWI_App.o
 .text          0x0000000000000000        0x0 build/default/production/MCAL/UART/UART_App.o
 .data          0x0000000000000000        0x0 build/default/production/MCAL/UART/UART_App.o
 .bss           0x0000000000000000        0x0 build/default/production/MCAL/UART/UART_App.o
 .text.UART_Init
                0x0000000000000000       0x20 build/default/production/MCAL/UART/UART_App.o
 .text.UART_SendChar
                0x0000000000000000        0x8 build/default/production/MCAL/UART/UART_App.o
 .text.UART_SendString
                0x0000000000000000       0x1e build/default/production/MCAL/UART/UART_App.o
 .text.UART_Receiver
                0x0000000000000000        0xa build/default/production/MCAL/UART/UART_App.o
 .text.UART_ReadRegisterValue
                0x0000000000000000        0x8 build/default/production/MCAL/UART/UART_App.o
 .text          0x0000000000000000        0x0 build/default/production/MCAL/WDT/WDT_App.o
 .data          0x0000000000000000        0x0 build/default/production/MCAL/WDT/WDT_App.o
 .bss           0x0000000000000000        0x0 build/default/production/MCAL/WDT/WDT_App.o
 .text.WDT_Enable
                0x0000000000000000        0xe build/default/production/MCAL/WDT/WDT_App.o
 .text.WDT_Disable
                0x0000000000000000       0x10 build/default/production/MCAL/WDT/WDT_App.o
 .text.__vector_0
                0x0000000000000000        0x2 build/default/production/MCAL/WDT/WDT_App.o
 .bss.WDT_INTERRUPT_HANDLER
                0x0000000000000000        0x2 build/default/production/MCAL/WDT/WDT_App.o
 .debug_info    0x0000000000000000      0x38f build/default/production/MCAL/WDT/WDT_App.o
 .debug_abbrev  0x0000000000000000       0x89 build/default/production/MCAL/WDT/WDT_App.o
 .debug_aranges
                0x0000000000000000       0x30 build/default/production/MCAL/WDT/WDT_App.o
 .debug_ranges  0x0000000000000000       0x20 build/default/production/MCAL/WDT/WDT_App.o
 .debug_line    0x0000000000000000       0xb1 build/default/production/MCAL/WDT/WDT_App.o
 .debug_str     0x0000000000000000        0x0 build/default/production/MCAL/WDT/WDT_App.o
 .comment       0x0000000000000000       0x30 build/default/production/MCAL/WDT/WDT_App.o
 .debug_frame   0x0000000000000000       0x44 build/default/production/MCAL/WDT/WDT_App.o
 .text          0x0000000000000000        0x0 build/default/production/main.o
 .data          0x0000000000000000        0x0 build/default/production/main.o
 .bss           0x0000000000000000        0x0 build/default/production/main.o
 .data.keypad_1
                0x0000000000000000        0x8 build/default/production/main.o
 .data.lcd_2    0x0000000000000000        0xa build/default/production/main.o
 .data.lcd_1    0x0000000000000000        0xa build/default/production/main.o
 .text          0x0000000000000000        0x0 build/default/production/OS/OS_App.o
 .data          0x0000000000000000        0x0 build/default/production/OS/OS_App.o
 .bss           0x0000000000000000        0x0 build/default/production/OS/OS_App.o
 .text          0x0000000000000000       0x5e c:/users/lenovo/desktop/mplab x ide/compiler/avr/bin/../lib/gcc/avr/5.4.0/../../../../avr/lib/avr5/memx-const\libm.a(fixunssfsi.o)
 .data          0x0000000000000000        0x0 c:/users/lenovo/desktop/mplab x ide/compiler/avr/bin/../lib/gcc/avr/5.4.0/../../../../avr/lib/avr5/memx-const\libm.a(fixunssfsi.o)
 .bss           0x0000000000000000        0x0 c:/users/lenovo/desktop/mplab x ide/compiler/avr/bin/../lib/gcc/avr/5.4.0/../../../../avr/lib/avr5/memx-const\libm.a(fixunssfsi.o)
 .stack.descriptors.hdr
                0x0000000000000000        0xe c:/users/lenovo/desktop/mplab x ide/compiler/avr/bin/../lib/gcc/avr/5.4.0/../../../../avr/lib/avr5/memx-const\libm.a(fixunssfsi.o)
 .stack.descriptors
                0x0000000000000000       0x1a c:/users/lenovo/desktop/mplab x ide/compiler/avr/bin/../lib/gcc/avr/5.4.0/../../../../avr/lib/avr5/memx-const\libm.a(fixunssfsi.o)
 .note.GNU-stack
                0x0000000000000000        0x0 c:/users/lenovo/desktop/mplab x ide/compiler/avr/bin/../lib/gcc/avr/5.4.0/../../../../avr/lib/avr5/memx-const\libm.a(fixunssfsi.o)
 .text          0x0000000000000000       0x7a c:/users/lenovo/desktop/mplab x ide/compiler/avr/bin/../lib/gcc/avr/5.4.0/../../../../avr/lib/avr5/memx-const\libm.a(floatsisf.o)
 .data          0x0000000000000000        0x0 c:/users/lenovo/desktop/mplab x ide/compiler/avr/bin/../lib/gcc/avr/5.4.0/../../../../avr/lib/avr5/memx-const\libm.a(floatsisf.o)
 .bss           0x0000000000000000        0x0 c:/users/lenovo/desktop/mplab x ide/compiler/avr/bin/../lib/gcc/avr/5.4.0/../../../../avr/lib/avr5/memx-const\libm.a(floatsisf.o)
 .stack.descriptors.hdr
                0x0000000000000000        0xe c:/users/lenovo/desktop/mplab x ide/compiler/avr/bin/../lib/gcc/avr/5.4.0/../../../../avr/lib/avr5/memx-const\libm.a(floatsisf.o)
 .stack.descriptors
                0x0000000000000000       0x34 c:/users/lenovo/desktop/mplab x ide/compiler/avr/bin/../lib/gcc/avr/5.4.0/../../../../avr/lib/avr5/memx-const\libm.a(floatsisf.o)
 .note.GNU-stack
                0x0000000000000000        0x0 c:/users/lenovo/desktop/mplab x ide/compiler/avr/bin/../lib/gcc/avr/5.4.0/../../../../avr/lib/avr5/memx-const\libm.a(floatsisf.o)
 .text          0x0000000000000000       0x44 c:/users/lenovo/desktop/mplab x ide/compiler/avr/bin/../lib/gcc/avr/5.4.0/../../../../avr/lib/avr5/memx-const\libm.a(fp_split3.o)
 .data          0x0000000000000000        0x0 c:/users/lenovo/desktop/mplab x ide/compiler/avr/bin/../lib/gcc/avr/5.4.0/../../../../avr/lib/avr5/memx-const\libm.a(fp_split3.o)
 .bss           0x0000000000000000        0x0 c:/users/lenovo/desktop/mplab x ide/compiler/avr/bin/../lib/gcc/avr/5.4.0/../../../../avr/lib/avr5/memx-const\libm.a(fp_split3.o)
 .stack.descriptors.hdr
                0x0000000000000000        0xe c:/users/lenovo/desktop/mplab x ide/compiler/avr/bin/../lib/gcc/avr/5.4.0/../../../../avr/lib/avr5/memx-const\libm.a(fp_split3.o)
 .stack.descriptors
                0x0000000000000000       0x32 c:/users/lenovo/desktop/mplab x ide/compiler/avr/bin/../lib/gcc/avr/5.4.0/../../../../avr/lib/avr5/memx-const\libm.a(fp_split3.o)
 .note.GNU-stack
                0x0000000000000000        0x0 c:/users/lenovo/desktop/mplab x ide/compiler/avr/bin/../lib/gcc/avr/5.4.0/../../../../avr/lib/avr5/memx-const\libm.a(fp_split3.o)
 .text          0x0000000000000000        0xe c:/users/lenovo/desktop/mplab x ide/compiler/avr/bin/../lib/gcc/avr/5.4.0/../../../../avr/lib/avr5/memx-const\libm.a(fp_zero.o)
 .data          0x0000000000000000        0x0 c:/users/lenovo/desktop/mplab x ide/compiler/avr/bin/../lib/gcc/avr/5.4.0/../../../../avr/lib/avr5/memx-const\libm.a(fp_zero.o)
 .bss           0x0000000000000000        0x0 c:/users/lenovo/desktop/mplab x ide/compiler/avr/bin/../lib/gcc/avr/5.4.0/../../../../avr/lib/avr5/memx-const\libm.a(fp_zero.o)
 .stack.descriptors.hdr
                0x0000000000000000        0xe c:/users/lenovo/desktop/mplab x ide/compiler/avr/bin/../lib/gcc/avr/5.4.0/../../../../avr/lib/avr5/memx-const\libm.a(fp_zero.o)
 .stack.descriptors
                0x0000000000000000       0x2f c:/users/lenovo/desktop/mplab x ide/compiler/avr/bin/../lib/gcc/avr/5.4.0/../../../../avr/lib/avr5/memx-const\libm.a(fp_zero.o)
 .note.GNU-stack
                0x0000000000000000        0x0 c:/users/lenovo/desktop/mplab x ide/compiler/avr/bin/../lib/gcc/avr/5.4.0/../../../../avr/lib/avr5/memx-const\libm.a(fp_zero.o)
 .text          0x0000000000000000        0x8 c:/users/lenovo/desktop/mplab x ide/compiler/avr/bin/../lib/gcc/avr/5.4.0/../../../../avr/lib/avr5/memx-const\libm.a(mulsf3.o)
 .data          0x0000000000000000        0x0 c:/users/lenovo/desktop/mplab x ide/compiler/avr/bin/../lib/gcc/avr/5.4.0/../../../../avr/lib/avr5/memx-const\libm.a(mulsf3.o)
 .bss           0x0000000000000000        0x0 c:/users/lenovo/desktop/mplab x ide/compiler/avr/bin/../lib/gcc/avr/5.4.0/../../../../avr/lib/avr5/memx-const\libm.a(mulsf3.o)
 .stack.descriptors.hdr
                0x0000000000000000        0xe c:/users/lenovo/desktop/mplab x ide/compiler/avr/bin/../lib/gcc/avr/5.4.0/../../../../avr/lib/avr5/memx-const\libm.a(mulsf3.o)
 .stack.descriptors
                0x0000000000000000       0x16 c:/users/lenovo/desktop/mplab x ide/compiler/avr/bin/../lib/gcc/avr/5.4.0/../../../../avr/lib/avr5/memx-const\libm.a(mulsf3.o)
 .note.GNU-stack
                0x0000000000000000        0x0 c:/users/lenovo/desktop/mplab x ide/compiler/avr/bin/../lib/gcc/avr/5.4.0/../../../../avr/lib/avr5/memx-const\libm.a(mulsf3.o)
 .text          0x0000000000000000       0xd4 c:/users/lenovo/desktop/mplab x ide/compiler/avr/bin/../lib/gcc/avr/5.4.0/../../../../avr/lib/avr5/memx-const\libm.a(mulsf3x.o)
 .data          0x0000000000000000        0x0 c:/users/lenovo/desktop/mplab x ide/compiler/avr/bin/../lib/gcc/avr/5.4.0/../../../../avr/lib/avr5/memx-const\libm.a(mulsf3x.o)
 .bss           0x0000000000000000        0x0 c:/users/lenovo/desktop/mplab x ide/compiler/avr/bin/../lib/gcc/avr/5.4.0/../../../../avr/lib/avr5/memx-const\libm.a(mulsf3x.o)
 .stack.descriptors.hdr
                0x0000000000000000        0xe c:/users/lenovo/desktop/mplab x ide/compiler/avr/bin/../lib/gcc/avr/5.4.0/../../../../avr/lib/avr5/memx-const\libm.a(mulsf3x.o)
 .stack.descriptors
                0x0000000000000000       0x31 c:/users/lenovo/desktop/mplab x ide/compiler/avr/bin/../lib/gcc/avr/5.4.0/../../../../avr/lib/avr5/memx-const\libm.a(mulsf3x.o)
 .note.GNU-stack
                0x0000000000000000        0x0 c:/users/lenovo/desktop/mplab x ide/compiler/avr/bin/../lib/gcc/avr/5.4.0/../../../../avr/lib/avr5/memx-const\libm.a(mulsf3x.o)
 .text          0x0000000000000000        0xc c:/users/lenovo/desktop/mplab x ide/compiler/avr/bin/../lib/gcc/avr/5.4.0/../../../../avr/lib/avr5/memx-const\libm.a(fp_inf.o)
 .data          0x0000000000000000        0x0 c:/users/lenovo/desktop/mplab x ide/compiler/avr/bin/../lib/gcc/avr/5.4.0/../../../../avr/lib/avr5/memx-const\libm.a(fp_inf.o)
 .bss           0x0000000000000000        0x0 c:/users/lenovo/desktop/mplab x ide/compiler/avr/bin/../lib/gcc/avr/5.4.0/../../../../avr/lib/avr5/memx-const\libm.a(fp_inf.o)
 .stack.descriptors.hdr
                0x0000000000000000        0xe c:/users/lenovo/desktop/mplab x ide/compiler/avr/bin/../lib/gcc/avr/5.4.0/../../../../avr/lib/avr5/memx-const\libm.a(fp_inf.o)
 .stack.descriptors
                0x0000000000000000       0x16 c:/users/lenovo/desktop/mplab x ide/compiler/avr/bin/../lib/gcc/avr/5.4.0/../../../../avr/lib/avr5/memx-const\libm.a(fp_inf.o)
 .note.GNU-stack
                0x0000000000000000        0x0 c:/users/lenovo/desktop/mplab x ide/compiler/avr/bin/../lib/gcc/avr/5.4.0/../../../../avr/lib/avr5/memx-const\libm.a(fp_inf.o)
 .text          0x0000000000000000        0x6 c:/users/lenovo/desktop/mplab x ide/compiler/avr/bin/../lib/gcc/avr/5.4.0/../../../../avr/lib/avr5/memx-const\libm.a(fp_nan.o)
 .data          0x0000000000000000        0x0 c:/users/lenovo/desktop/mplab x ide/compiler/avr/bin/../lib/gcc/avr/5.4.0/../../../../avr/lib/avr5/memx-const\libm.a(fp_nan.o)
 .bss           0x0000000000000000        0x0 c:/users/lenovo/desktop/mplab x ide/compiler/avr/bin/../lib/gcc/avr/5.4.0/../../../../avr/lib/avr5/memx-const\libm.a(fp_nan.o)
 .stack.descriptors.hdr
                0x0000000000000000        0xe c:/users/lenovo/desktop/mplab x ide/compiler/avr/bin/../lib/gcc/avr/5.4.0/../../../../avr/lib/avr5/memx-const\libm.a(fp_nan.o)
 .stack.descriptors
                0x0000000000000000       0x16 c:/users/lenovo/desktop/mplab x ide/compiler/avr/bin/../lib/gcc/avr/5.4.0/../../../../avr/lib/avr5/memx-const\libm.a(fp_nan.o)
 .note.GNU-stack
                0x0000000000000000        0x0 c:/users/lenovo/desktop/mplab x ide/compiler/avr/bin/../lib/gcc/avr/5.4.0/../../../../avr/lib/avr5/memx-const\libm.a(fp_nan.o)
 .text          0x0000000000000000        0xe c:/users/lenovo/desktop/mplab x ide/compiler/avr/bin/../lib/gcc/avr/5.4.0/../../../../avr/lib/avr5/memx-const\libm.a(fp_pscA.o)
 .data          0x0000000000000000        0x0 c:/users/lenovo/desktop/mplab x ide/compiler/avr/bin/../lib/gcc/avr/5.4.0/../../../../avr/lib/avr5/memx-const\libm.a(fp_pscA.o)
 .bss           0x0000000000000000        0x0 c:/users/lenovo/desktop/mplab x ide/compiler/avr/bin/../lib/gcc/avr/5.4.0/../../../../avr/lib/avr5/memx-const\libm.a(fp_pscA.o)
 .stack.descriptors.hdr
                0x0000000000000000        0xe c:/users/lenovo/desktop/mplab x ide/compiler/avr/bin/../lib/gcc/avr/5.4.0/../../../../avr/lib/avr5/memx-const\libm.a(fp_pscA.o)
 .stack.descriptors
                0x0000000000000000       0x17 c:/users/lenovo/desktop/mplab x ide/compiler/avr/bin/../lib/gcc/avr/5.4.0/../../../../avr/lib/avr5/memx-const\libm.a(fp_pscA.o)
 .note.GNU-stack
                0x0000000000000000        0x0 c:/users/lenovo/desktop/mplab x ide/compiler/avr/bin/../lib/gcc/avr/5.4.0/../../../../avr/lib/avr5/memx-const\libm.a(fp_pscA.o)
 .text          0x0000000000000000        0xe c:/users/lenovo/desktop/mplab x ide/compiler/avr/bin/../lib/gcc/avr/5.4.0/../../../../avr/lib/avr5/memx-const\libm.a(fp_pscB.o)
 .data          0x0000000000000000        0x0 c:/users/lenovo/desktop/mplab x ide/compiler/avr/bin/../lib/gcc/avr/5.4.0/../../../../avr/lib/avr5/memx-const\libm.a(fp_pscB.o)
 .bss           0x0000000000000000        0x0 c:/users/lenovo/desktop/mplab x ide/compiler/avr/bin/../lib/gcc/avr/5.4.0/../../../../avr/lib/avr5/memx-const\libm.a(fp_pscB.o)
 .stack.descriptors.hdr
                0x0000000000000000        0xe c:/users/lenovo/desktop/mplab x ide/compiler/avr/bin/../lib/gcc/avr/5.4.0/../../../../avr/lib/avr5/memx-const\libm.a(fp_pscB.o)
 .stack.descriptors
                0x0000000000000000       0x17 c:/users/lenovo/desktop/mplab x ide/compiler/avr/bin/../lib/gcc/avr/5.4.0/../../../../avr/lib/avr5/memx-const\libm.a(fp_pscB.o)
 .note.GNU-stack
                0x0000000000000000        0x0 c:/users/lenovo/desktop/mplab x ide/compiler/avr/bin/../lib/gcc/avr/5.4.0/../../../../avr/lib/avr5/memx-const\libm.a(fp_pscB.o)
 .text          0x0000000000000000       0x22 c:/users/lenovo/desktop/mplab x ide/compiler/avr/bin/../lib/gcc/avr/5.4.0/../../../../avr/lib/avr5/memx-const\libm.a(fp_round.o)
 .data          0x0000000000000000        0x0 c:/users/lenovo/desktop/mplab x ide/compiler/avr/bin/../lib/gcc/avr/5.4.0/../../../../avr/lib/avr5/memx-const\libm.a(fp_round.o)
 .bss           0x0000000000000000        0x0 c:/users/lenovo/desktop/mplab x ide/compiler/avr/bin/../lib/gcc/avr/5.4.0/../../../../avr/lib/avr5/memx-const\libm.a(fp_round.o)
 .stack.descriptors.hdr
                0x0000000000000000        0xe c:/users/lenovo/desktop/mplab x ide/compiler/avr/bin/../lib/gcc/avr/5.4.0/../../../../avr/lib/avr5/memx-const\libm.a(fp_round.o)
 .stack.descriptors
                0x0000000000000000       0x18 c:/users/lenovo/desktop/mplab x ide/compiler/avr/bin/../lib/gcc/avr/5.4.0/../../../../avr/lib/avr5/memx-const\libm.a(fp_round.o)
 .note.GNU-stack
                0x0000000000000000        0x0 c:/users/lenovo/desktop/mplab x ide/compiler/avr/bin/../lib/gcc/avr/5.4.0/../../../../avr/lib/avr5/memx-const\libm.a(fp_round.o)
 .text          0x0000000000000000        0x0 c:/users/lenovo/desktop/mplab x ide/compiler/avr/bin/../lib/gcc/avr/5.4.0/avr5/memx-const\libgcc.a(_divmodhi4.o)
 .data          0x0000000000000000        0x0 c:/users/lenovo/desktop/mplab x ide/compiler/avr/bin/../lib/gcc/avr/5.4.0/avr5/memx-const\libgcc.a(_divmodhi4.o)
 .bss           0x0000000000000000        0x0 c:/users/lenovo/desktop/mplab x ide/compiler/avr/bin/../lib/gcc/avr/5.4.0/avr5/memx-const\libgcc.a(_divmodhi4.o)
 .text.libgcc.mul
                0x0000000000000000        0x0 c:/users/lenovo/desktop/mplab x ide/compiler/avr/bin/../lib/gcc/avr/5.4.0/avr5/memx-const\libgcc.a(_divmodhi4.o)
 .text.libgcc.div
                0x0000000000000000       0x28 c:/users/lenovo/desktop/mplab x ide/compiler/avr/bin/../lib/gcc/avr/5.4.0/avr5/memx-const\libgcc.a(_divmodhi4.o)
 .stack.descriptors.hdr
                0x0000000000000000        0xe c:/users/lenovo/desktop/mplab x ide/compiler/avr/bin/../lib/gcc/avr/5.4.0/avr5/memx-const\libgcc.a(_divmodhi4.o)
 .stack.descriptors
                0x0000000000000000       0x19 c:/users/lenovo/desktop/mplab x ide/compiler/avr/bin/../lib/gcc/avr/5.4.0/avr5/memx-const\libgcc.a(_divmodhi4.o)
 .text.libgcc   0x0000000000000000        0x0 c:/users/lenovo/desktop/mplab x ide/compiler/avr/bin/../lib/gcc/avr/5.4.0/avr5/memx-const\libgcc.a(_divmodhi4.o)
 .text.libgcc.prologue
                0x0000000000000000        0x0 c:/users/lenovo/desktop/mplab x ide/compiler/avr/bin/../lib/gcc/avr/5.4.0/avr5/memx-const\libgcc.a(_divmodhi4.o)
 .text.libgcc.builtins
                0x0000000000000000        0x0 c:/users/lenovo/desktop/mplab x ide/compiler/avr/bin/../lib/gcc/avr/5.4.0/avr5/memx-const\libgcc.a(_divmodhi4.o)
 .text.libgcc.fmul
                0x0000000000000000        0x0 c:/users/lenovo/desktop/mplab x ide/compiler/avr/bin/../lib/gcc/avr/5.4.0/avr5/memx-const\libgcc.a(_divmodhi4.o)
 .text.libgcc.fixed
                0x0000000000000000        0x0 c:/users/lenovo/desktop/mplab x ide/compiler/avr/bin/../lib/gcc/avr/5.4.0/avr5/memx-const\libgcc.a(_divmodhi4.o)
 .text          0x0000000000000000        0x0 c:/users/lenovo/desktop/mplab x ide/compiler/avr/bin/../lib/gcc/avr/5.4.0/avr5/memx-const\libgcc.a(_udivmodsi4.o)
 .data          0x0000000000000000        0x0 c:/users/lenovo/desktop/mplab x ide/compiler/avr/bin/../lib/gcc/avr/5.4.0/avr5/memx-const\libgcc.a(_udivmodsi4.o)
 .bss           0x0000000000000000        0x0 c:/users/lenovo/desktop/mplab x ide/compiler/avr/bin/../lib/gcc/avr/5.4.0/avr5/memx-const\libgcc.a(_udivmodsi4.o)
 .text.libgcc.mul
                0x0000000000000000        0x0 c:/users/lenovo/desktop/mplab x ide/compiler/avr/bin/../lib/gcc/avr/5.4.0/avr5/memx-const\libgcc.a(_udivmodsi4.o)
 .stack.descriptors
                0x0000000000000000       0x1a c:/users/lenovo/desktop/mplab x ide/compiler/avr/bin/../lib/gcc/avr/5.4.0/avr5/memx-const\libgcc.a(_udivmodsi4.o)
 .text.libgcc   0x0000000000000000        0x0 c:/users/lenovo/desktop/mplab x ide/compiler/avr/bin/../lib/gcc/avr/5.4.0/avr5/memx-const\libgcc.a(_udivmodsi4.o)
 .text.libgcc.prologue
                0x0000000000000000        0x0 c:/users/lenovo/desktop/mplab x ide/compiler/avr/bin/../lib/gcc/avr/5.4.0/avr5/memx-const\libgcc.a(_udivmodsi4.o)
 .text.libgcc.builtins
                0x0000000000000000        0x0 c:/users/lenovo/desktop/mplab x ide/compiler/avr/bin/../lib/gcc/avr/5.4.0/avr5/memx-const\libgcc.a(_udivmodsi4.o)
 .text.libgcc.fmul
                0x0000000000000000        0x0 c:/users/lenovo/desktop/mplab x ide/compiler/avr/bin/../lib/gcc/avr/5.4.0/avr5/memx-const\libgcc.a(_udivmodsi4.o)
 .text.libgcc.fixed
                0x0000000000000000        0x0 c:/users/lenovo/desktop/mplab x ide/compiler/avr/bin/../lib/gcc/avr/5.4.0/avr5/memx-const\libgcc.a(_udivmodsi4.o)
 .text          0x0000000000000000        0x0 c:/users/lenovo/desktop/mplab x ide/compiler/avr/bin/../lib/gcc/avr/5.4.0/avr5/memx-const\libgcc.a(_copy_data.o)
 .data          0x0000000000000000        0x0 c:/users/lenovo/desktop/mplab x ide/compiler/avr/bin/../lib/gcc/avr/5.4.0/avr5/memx-const\libgcc.a(_copy_data.o)
 .bss           0x0000000000000000        0x0 c:/users/lenovo/desktop/mplab x ide/compiler/avr/bin/../lib/gcc/avr/5.4.0/avr5/memx-const\libgcc.a(_copy_data.o)
 .text.libgcc.mul
                0x0000000000000000        0x0 c:/users/lenovo/desktop/mplab x ide/compiler/avr/bin/../lib/gcc/avr/5.4.0/avr5/memx-const\libgcc.a(_copy_data.o)
 .text.libgcc.div
                0x0000000000000000        0x0 c:/users/lenovo/desktop/mplab x ide/compiler/avr/bin/../lib/gcc/avr/5.4.0/avr5/memx-const\libgcc.a(_copy_data.o)
 .text.libgcc   0x0000000000000000        0x0 c:/users/lenovo/desktop/mplab x ide/compiler/avr/bin/../lib/gcc/avr/5.4.0/avr5/memx-const\libgcc.a(_copy_data.o)
 .text.libgcc.prologue
                0x0000000000000000        0x0 c:/users/lenovo/desktop/mplab x ide/compiler/avr/bin/../lib/gcc/avr/5.4.0/avr5/memx-const\libgcc.a(_copy_data.o)
 .text.libgcc.builtins
                0x0000000000000000        0x0 c:/users/lenovo/desktop/mplab x ide/compiler/avr/bin/../lib/gcc/avr/5.4.0/avr5/memx-const\libgcc.a(_copy_data.o)
 .text.libgcc.fmul
                0x0000000000000000        0x0 c:/users/lenovo/desktop/mplab x ide/compiler/avr/bin/../lib/gcc/avr/5.4.0/avr5/memx-const\libgcc.a(_copy_data.o)
 .text.libgcc.fixed
                0x0000000000000000        0x0 c:/users/lenovo/desktop/mplab x ide/compiler/avr/bin/../lib/gcc/avr/5.4.0/avr5/memx-const\libgcc.a(_copy_data.o)
 .text          0x0000000000000000        0x0 c:/users/lenovo/desktop/mplab x ide/compiler/avr/bin/../lib/gcc/avr/5.4.0/avr5/memx-const\libgcc.a(_umulhisi3.o)
 .data          0x0000000000000000        0x0 c:/users/lenovo/desktop/mplab x ide/compiler/avr/bin/../lib/gcc/avr/5.4.0/avr5/memx-const\libgcc.a(_umulhisi3.o)
 .bss           0x0000000000000000        0x0 c:/users/lenovo/desktop/mplab x ide/compiler/avr/bin/../lib/gcc/avr/5.4.0/avr5/memx-const\libgcc.a(_umulhisi3.o)
 .text.libgcc.mul
                0x0000000000000000       0x1e c:/users/lenovo/desktop/mplab x ide/compiler/avr/bin/../lib/gcc/avr/5.4.0/avr5/memx-const\libgcc.a(_umulhisi3.o)
 .stack.descriptors.hdr
                0x0000000000000000        0xe c:/users/lenovo/desktop/mplab x ide/compiler/avr/bin/../lib/gcc/avr/5.4.0/avr5/memx-const\libgcc.a(_umulhisi3.o)
 .stack.descriptors
                0x0000000000000000       0x19 c:/users/lenovo/desktop/mplab x ide/compiler/avr/bin/../lib/gcc/avr/5.4.0/avr5/memx-const\libgcc.a(_umulhisi3.o)
 .text.libgcc.div
                0x0000000000000000        0x0 c:/users/lenovo/desktop/mplab x ide/compiler/avr/bin/../lib/gcc/avr/5.4.0/avr5/memx-const\libgcc.a(_umulhisi3.o)
 .text.libgcc   0x0000000000000000        0x0 c:/users/lenovo/desktop/mplab x ide/compiler/avr/bin/../lib/gcc/avr/5.4.0/avr5/memx-const\libgcc.a(_umulhisi3.o)
 .text.libgcc.prologue
                0x0000000000000000        0x0 c:/users/lenovo/desktop/mplab x ide/compiler/avr/bin/../lib/gcc/avr/5.4.0/avr5/memx-const\libgcc.a(_umulhisi3.o)
 .text.libgcc.builtins
                0x0000000000000000        0x0 c:/users/lenovo/desktop/mplab x ide/compiler/avr/bin/../lib/gcc/avr/5.4.0/avr5/memx-const\libgcc.a(_umulhisi3.o)
 .text.libgcc.fmul
                0x0000000000000000        0x0 c:/users/lenovo/desktop/mplab x ide/compiler/avr/bin/../lib/gcc/avr/5.4.0/avr5/memx-const\libgcc.a(_umulhisi3.o)
 .text.libgcc.fixed
                0x0000000000000000        0x0 c:/users/lenovo/desktop/mplab x ide/compiler/avr/bin/../lib/gcc/avr/5.4.0/avr5/memx-const\libgcc.a(_umulhisi3.o)
 .text          0x0000000000000000        0x0 c:/users/lenovo/desktop/mplab x ide/compiler/avr/bin/../lib/gcc/avr/5.4.0/avr5/memx-const\libgcc.a(_udivmodhi4.o)
 .data          0x0000000000000000        0x0 c:/users/lenovo/desktop/mplab x ide/compiler/avr/bin/../lib/gcc/avr/5.4.0/avr5/memx-const\libgcc.a(_udivmodhi4.o)
 .bss           0x0000000000000000        0x0 c:/users/lenovo/desktop/mplab x ide/compiler/avr/bin/../lib/gcc/avr/5.4.0/avr5/memx-const\libgcc.a(_udivmodhi4.o)
 .text.libgcc.mul
                0x0000000000000000        0x0 c:/users/lenovo/desktop/mplab x ide/compiler/avr/bin/../lib/gcc/avr/5.4.0/avr5/memx-const\libgcc.a(_udivmodhi4.o)
 .text.libgcc.div
                0x0000000000000000       0x28 c:/users/lenovo/desktop/mplab x ide/compiler/avr/bin/../lib/gcc/avr/5.4.0/avr5/memx-const\libgcc.a(_udivmodhi4.o)
 .stack.descriptors.hdr
                0x0000000000000000        0xe c:/users/lenovo/desktop/mplab x ide/compiler/avr/bin/../lib/gcc/avr/5.4.0/avr5/memx-const\libgcc.a(_udivmodhi4.o)
 .stack.descriptors
                0x0000000000000000       0x1a c:/users/lenovo/desktop/mplab x ide/compiler/avr/bin/../lib/gcc/avr/5.4.0/avr5/memx-const\libgcc.a(_udivmodhi4.o)
 .text.libgcc   0x0000000000000000        0x0 c:/users/lenovo/desktop/mplab x ide/compiler/avr/bin/../lib/gcc/avr/5.4.0/avr5/memx-const\libgcc.a(_udivmodhi4.o)
 .text.libgcc.prologue
                0x0000000000000000        0x0 c:/users/lenovo/desktop/mplab x ide/compiler/avr/bin/../lib/gcc/avr/5.4.0/avr5/memx-const\libgcc.a(_udivmodhi4.o)
 .text.libgcc.builtins
                0x0000000000000000        0x0 c:/users/lenovo/desktop/mplab x ide/compiler/avr/bin/../lib/gcc/avr/5.4.0/avr5/memx-const\libgcc.a(_udivmodhi4.o)
 .text.libgcc.fmul
                0x0000000000000000        0x0 c:/users/lenovo/desktop/mplab x ide/compiler/avr/bin/../lib/gcc/avr/5.4.0/avr5/memx-const\libgcc.a(_udivmodhi4.o)
 .text.libgcc.fixed
                0x0000000000000000        0x0 c:/users/lenovo/desktop/mplab x ide/compiler/avr/bin/../lib/gcc/avr/5.4.0/avr5/memx-const\libgcc.a(_udivmodhi4.o)
 .text          0x0000000000000000        0x0 c:/users/lenovo/desktop/mplab x ide/compiler/avr/bin/../lib/gcc/avr/5.4.0/../../../../avr/lib/avr5/memx-const\libc.a(exit.o)
 .data          0x0000000000000000        0x0 c:/users/lenovo/desktop/mplab x ide/compiler/avr/bin/../lib/gcc/avr/5.4.0/../../../../avr/lib/avr5/memx-const\libc.a(exit.o)
 .bss           0x0000000000000000        0x0 c:/users/lenovo/desktop/mplab x ide/compiler/avr/bin/../lib/gcc/avr/5.4.0/../../../../avr/lib/avr5/memx-const\libc.a(exit.o)
 .stack.descriptors
                0x0000000000000000       0x73 c:/users/lenovo/desktop/mplab x ide/compiler/avr/bin/../lib/gcc/avr/5.4.0/../../../../avr/lib/avr5/memx-const\libc.a(exit.o)
 .text          0x0000000000000000        0x0 c:/users/lenovo/desktop/mplab x ide/compiler/avr/bin/../lib/gcc/avr/5.4.0/../../../../avr/lib/avr5/memx-const\libc.a(_Exit.o)
 .data          0x0000000000000000        0x0 c:/users/lenovo/desktop/mplab x ide/compiler/avr/bin/../lib/gcc/avr/5.4.0/../../../../avr/lib/avr5/memx-const\libc.a(_Exit.o)
 .bss           0x0000000000000000        0x0 c:/users/lenovo/desktop/mplab x ide/compiler/avr/bin/../lib/gcc/avr/5.4.0/../../../../avr/lib/avr5/memx-const\libc.a(_Exit.o)
 .stack.descriptors
                0x0000000000000000       0x13 c:/users/lenovo/desktop/mplab x ide/compiler/avr/bin/../lib/gcc/avr/5.4.0/../../../../avr/lib/avr5/memx-const\libc.a(_Exit.o)
 .text          0x0000000000000000        0x0 c:/users/lenovo/desktop/mplab x ide/compiler/avr/bin/../lib/gcc/avr/5.4.0/avr5/memx-const\libgcc.a(_exit.o)
 .data          0x0000000000000000        0x0 c:/users/lenovo/desktop/mplab x ide/compiler/avr/bin/../lib/gcc/avr/5.4.0/avr5/memx-const\libgcc.a(_exit.o)
 .bss           0x0000000000000000        0x0 c:/users/lenovo/desktop/mplab x ide/compiler/avr/bin/../lib/gcc/avr/5.4.0/avr5/memx-const\libgcc.a(_exit.o)
 .text.libgcc.mul
                0x0000000000000000        0x0 c:/users/lenovo/desktop/mplab x ide/compiler/avr/bin/../lib/gcc/avr/5.4.0/avr5/memx-const\libgcc.a(_exit.o)
 .text.libgcc.div
                0x0000000000000000        0x0 c:/users/lenovo/desktop/mplab x ide/compiler/avr/bin/../lib/gcc/avr/5.4.0/avr5/memx-const\libgcc.a(_exit.o)
 .text.libgcc   0x0000000000000000        0x0 c:/users/lenovo/desktop/mplab x ide/compiler/avr/bin/../lib/gcc/avr/5.4.0/avr5/memx-const\libgcc.a(_exit.o)
 .text.libgcc.prologue
                0x0000000000000000        0x0 c:/users/lenovo/desktop/mplab x ide/compiler/avr/bin/../lib/gcc/avr/5.4.0/avr5/memx-const\libgcc.a(_exit.o)
 .stack.descriptors
                0x0000000000000000       0x13 c:/users/lenovo/desktop/mplab x ide/compiler/avr/bin/../lib/gcc/avr/5.4.0/avr5/memx-const\libgcc.a(_exit.o)
 .text.libgcc.builtins
                0x0000000000000000        0x0 c:/users/lenovo/desktop/mplab x ide/compiler/avr/bin/../lib/gcc/avr/5.4.0/avr5/memx-const\libgcc.a(_exit.o)
 .text.libgcc.fmul
                0x0000000000000000        0x0 c:/users/lenovo/desktop/mplab x ide/compiler/avr/bin/../lib/gcc/avr/5.4.0/avr5/memx-const\libgcc.a(_exit.o)
 .text.libgcc.fixed
                0x0000000000000000        0x0 c:/users/lenovo/desktop/mplab x ide/compiler/avr/bin/../lib/gcc/avr/5.4.0/avr5/memx-const\libgcc.a(_exit.o)

Memory Configuration

Name             Origin             Length             Attributes
text             0x0000000000000000 0x0000000000008000 xr
data             0x0000000000800060 0x0000000000000800 rw !x
eeprom           0x0000000000810000 0x0000000000000400 rw !x
fuse             0x0000000000820000 0x0000000000000002 rw !x
lock             0x0000000000830000 0x0000000000000400 rw !x
signature        0x0000000000840000 0x0000000000000400 rw !x
user_signatures  0x0000000000850000 0x0000000000000400 rw !x
bootrow          0x0000000000860000 0x0000000000000400 rw !x
*default*        0x0000000000000000 0xffffffffffffffff

Linker script and memory map

LOAD C:/Users/LENOVO/Desktop/Mplab X IDE/installation/packs/Microchip/ATmega_DFP/3.0.158/xc8/avr/lib/avr5/memx-const/crtatmega32.o
                0x0000000000000001                __MPLAB_BUILD = 0x1
LOAD build/default/production/HAL/7_Segments/7Seg_App.o
LOAD build/default/production/HAL/KEYPAD/KEYPAD_App.o
LOAD build/default/production/HAL/LCD/LCD_App.o
LOAD build/default/production/HAL/LED/LED_App.o
LOAD build/default/production/HAL/LM35/LM35_App.o
LOAD build/default/production/HAL/MOTOR/MOTOR_App.o
LOAD build/default/production/LIB/Helper_Functions.o
LOAD build/default/production/MCAL/ADC/ADC_App.o
LOAD build/default/production/MCAL/DIO/DIO_App.o
LOAD build/default/production/MCAL/GIE/GIE_App.o
LOAD build/default/production/MCAL/INTERRUPT/INT_App.o
LOAD build/default/production/MCAL/PORT/PORT_App.o
LOAD build/default/production/MCAL/SLEEP/SLEEP_App.o
LOAD build/default/production/MCAL/SPI/SPI_App.o
LOAD build/default/production/MCAL/TIMER0/TMR0_App.o
LOAD build/default/production/MCAL/TIMER1/TMR1_App.o
LOAD build/default/production/MCAL/TWI/TWI_App.o
LOAD build/default/production/MCAL/UART/UART_App.o
LOAD build/default/production/MCAL/WDT/WDT_App.o
LOAD build/default/production/main.o
LOAD build/default/production/OS/OS_App.o
START GROUP
LOAD c:/users/lenovo/desktop/mplab x ide/compiler/avr/bin/../lib/gcc/avr/5.4.0/../../../../avr/lib/avr5/memx-const\libm.a
END GROUP
START GROUP
LOAD c:/users/lenovo/desktop/mplab x ide/compiler/avr/bin/../lib/gcc/avr/5.4.0/avr5/memx-const\libgcc.a
LOAD c:/users/lenovo/desktop/mplab x ide/compiler/avr/bin/../lib/gcc/avr/5.4.0/../../../../avr/lib/avr5/memx-const\libm.a
LOAD c:/users/lenovo/desktop/mplab x ide/compiler/avr/bin/../lib/gcc/avr/5.4.0/../../../../avr/lib/avr5/memx-const\libc.a
LOAD C:/Users/LENOVO/Desktop/Mplab X IDE/installation/packs/Microchip/ATmega_DFP/3.0.158/xc8/avr/lib/avr5/memx-const\libatmega32.a
END GROUP
                0x0000000000000000                __TEXT_REGION_ORIGIN__ = DEFINED (__TEXT_REGION_ORIGIN__)?__TEXT_REGION_ORIGIN__:0x0
                [0x0000000000800060]                __DATA_REGION_ORIGIN__ = DEFINED (__DATA_REGION_ORIGIN__)?__DATA_REGION_ORIGIN__:0x800060
                [0x0000000000008000]                __TEXT_REGION_LENGTH__ = DEFINED (__TEXT_REGION_LENGTH__)?__TEXT_REGION_LENGTH__:0x20000
                [0x0000000000000800]                __DATA_REGION_LENGTH__ = DEFINED (__DATA_REGION_LENGTH__)?__DATA_REGION_LENGTH__:0xffa0
                [0x0000000000000400]                __EEPROM_REGION_LENGTH__ = DEFINED (__EEPROM_REGION_LENGTH__)?__EEPROM_REGION_LENGTH__:0x10000
                [0x0000000000000002]                __FUSE_REGION_LENGTH__ = DEFINED (__FUSE_REGION_LENGTH__)?__FUSE_REGION_LENGTH__:0x400
                0x0000000000000400                __LOCK_REGION_LENGTH__ = DEFINED (__LOCK_REGION_LENGTH__)?__LOCK_REGION_LENGTH__:0x400
                0x0000000000000400                __SIGNATURE_REGION_LENGTH__ = DEFINED (__SIGNATURE_REGION_LENGTH__)?__SIGNATURE_REGION_LENGTH__:0x400
                0x0000000000000400                __USER_SIGNATURE_REGION_LENGTH__ = DEFINED (__USER_SIGNATURE_REGION_LENGTH__)?__USER_SIGNATURE_REGION_LENGTH__:0x400
                0x0000000000000400                __BOOTROW_REGION_LENGTH__ = DEFINED (__BOOTROW_REGION_LENGTH__)?__BOOTROW_REGION_LENGTH__:0x400

.hash
 *(.hash)

.dynsym
 *(.dynsym)

.dynstr
 *(.dynstr)

.gnu.version
 *(.gnu.version)

.gnu.version_d
 *(.gnu.version_d)

.gnu.version_r
 *(.gnu.version_r)

.rel.init
 *(.rel.init)

.rela.init
 *(.rela.init)

.rel.text
 *(.rel.text)
 *(.rel.text.*)
 *(.rel.gnu.linkonce.t*)

.rela.text
 *(.rela.text)
 *(.rela.text.*)
 *(.rela.gnu.linkonce.t*)

.rel.fini
 *(.rel.fini)

.rela.fini
 *(.rela.fini)

.rel.rodata
 *(.rel.rodata)
 *(.rel.rodata.*)
 *(.rel.gnu.linkonce.r*)

.rela.rodata
 *(.rela.rodata)
 *(.rela.rodata.*)
 *(.rela.gnu.linkonce.r*)

.rel.data
 *(.rel.data)
 *(.rel.data.*)
 *(.rel.gnu.linkonce.d*)

.rela.data
 *(.rela.data)
 *(.rela.data.*)
 *(.rela.gnu.linkonce.d*)

.rel.ctors
 *(.rel.ctors)

.rela.ctors
 *(.rela.ctors)

.rel.dtors
 *(.rel.dtors)

.rela.dtors
 *(.rela.dtors)

.rel.got
 *(.rel.got)

.rela.got
 *(.rela.got)

.rel.bss
 *(.rel.bss)

.rela.bss
 *(.rela.bss)

.rel.plt
 *(.rel.plt)

.rela.plt
 *(.rela.plt)

.text           0x0000000000000000       0xae
 *(.vectors)
 .vectors       0x0000000000000000       0x54 C:/Users/LENOVO/Desktop/Mplab X IDE/installation/packs/Microchip/ATmega_DFP/3.0.158/xc8/avr/lib/avr5/memx-const/crtatmega32.o
                0x0000000000000000                __vector_default
                0x0000000000000000                __vectors
 *(.vectors)
 *(.progmem.gcc*)
 *(.dinit)
 .dinit         0x0000000000000054        0x5 data_init
                0x000000000000005a                . = ALIGN (0x2)
 *fill*         0x0000000000000059        0x1 
                0x000000000000005a                __trampolines_start = .
 *(.trampolines)
 .trampolines   0x000000000000005a        0x0 linker stubs
 *(.trampolines*)
                0x000000000000005a                __trampolines_end = .
 *libprintf_flt.a:*(.progmem.data)
 *libc.a:*(.progmem.data)
                0x000000000000005a                . = ALIGN (0x2)
 *(.jumptables)
 *(.jumptables*)
 *(.lowtext)
 *(.lowtext*)
                0x000000000000005a                __ctors_start = .
 *(.ctors)
                0x000000000000005a                __ctors_end = .
                0x000000000000005a                __dtors_start = .
 *(.dtors)
                0x000000000000005a                __dtors_end = .
 SORT(*)(.ctors)
 SORT(*)(.dtors)
 *(.init0)
 .init0         0x000000000000005a        0x0 C:/Users/LENOVO/Desktop/Mplab X IDE/installation/packs/Microchip/ATmega_DFP/3.0.158/xc8/avr/lib/avr5/memx-const/crtatmega32.o
                0x000000000000005a                __init
 *(.init0)
 *(.init1)
 *(.init1)
 *(.init2)
 .init2         0x000000000000005a        0xc C:/Users/LENOVO/Desktop/Mplab X IDE/installation/packs/Microchip/ATmega_DFP/3.0.158/xc8/avr/lib/avr5/memx-const/crtatmega32.o
 *(.init2)
 *(.init3)
 *(.init3)
 *(.init4)
 .init4         0x0000000000000066       0x3c c:/users/lenovo/desktop/mplab x ide/compiler/avr/bin/../lib/gcc/avr/5.4.0/avr5/memx-const\libgcc.a(_copy_data.o)
                0x0000000000000066                __do_copy_data
                0x0000000000000094                __do_clear_bss
 *(.init4)
 *(.init5)
 *(.init5)
 *(.init6)
 *(.init6)
 *(.init7)
 *(.init7)
 *(.init8)
 *(.init8)
 *(.init9)
 .init9         0x00000000000000a2        0x8 C:/Users/LENOVO/Desktop/Mplab X IDE/installation/packs/Microchip/ATmega_DFP/3.0.158/xc8/avr/lib/avr5/memx-const/crtatmega32.o
 *(.init9)
                0x00000000000000aa                . = ALIGN (0x2)
 *(.fini9)
 .fini9         0x00000000000000aa        0x0 c:/users/lenovo/desktop/mplab x ide/compiler/avr/bin/../lib/gcc/avr/5.4.0/avr5/memx-const\libgcc.a(_exit.o)
                0x00000000000000aa                _exit
 *(.fini9)
 *(.fini8)
 *(.fini8)
 *(.fini7)
 *(.fini7)
 *(.fini6)
 *(.fini6)
 *(.fini5)
 *(.fini5)
 *(.fini4)
 *(.fini4)
 *(.fini3)
 *(.fini3)
 *(.fini2)
 *(.fini2)
 *(.fini1)
 *(.fini1)
 *(.fini0)
 .fini0         0x00000000000000aa        0x4 c:/users/lenovo/desktop/mplab x ide/compiler/avr/bin/../lib/gcc/avr/5.4.0/avr5/memx-const\libgcc.a(_exit.o)
 *(.fini0)
                0x00000000000000ae                _etext = .

.data           0x0000000000800060        0x0 load address 0x00000000000000ae
                [!provide]                        PROVIDE (__data_start, .)
 *(.gnu.linkonce.d*)
 *(.gnu.linkonce.r*)
                0x0000000000800060                . = ALIGN (0x2)
                0x0000000000800060                _edata = .
                [!provide]                        PROVIDE (__data_end, .)

.bss            0x0000000000800060        0x0
                [!provide]                        PROVIDE (__bss_start, .)
 *(COMMON)
                [!provide]                        PROVIDE (__bss_end, .)
                0x00000000000000ae                __data_load_start = LOADADDR (.data)
                0x00000000000000ae                __data_load_end = (__data_load_start + SIZEOF (.data))

.noinit         0x0000000000800060        0x0
                [!provide]                        PROVIDE (__noinit_start, .)
 *(.noinit*)
                [!provide]                        PROVIDE (__noinit_end, .)
                0x0000000000800060                _end = .

.eeprom         0x0000000000810000        0x0
 *(.eeprom*)
                0x0000000000810000                __eeprom_end = .

.fuse
 *(.fuse)
 *(.lfuse)
 *(.hfuse)
 *(.efuse)

.lock
 *(.lock*)

.signature
 *(.signature*)

.user_signatures
 *(.user_signatures*)

.bootrow
 *(.bootrow*)

.stab
 *(.stab)

.stabstr
 *(.stabstr)

.stab.excl
 *(.stab.excl)

.stab.exclstr
 *(.stab.exclstr)

.stab.index
 *(.stab.index)

.stab.indexstr
 *(.stab.indexstr)

.comment        0x0000000000000000       0x5b
 *(.comment)
 .comment       0x0000000000000000       0x2f build/default/production/HAL/LED/LED_App.o
                                         0x30 (size before relaxing)
 .comment       0x000000000000002f       0x30 build/default/production/MCAL/ADC/ADC_App.o
 .comment       0x000000000000002f       0x30 build/default/production/MCAL/DIO/DIO_App.o
 .comment       0x000000000000002f       0x30 build/default/production/MCAL/GIE/GIE_App.o
 .comment       0x000000000000002f       0x30 build/default/production/MCAL/INTERRUPT/INT_App.o
 .comment       0x000000000000002f       0x30 build/default/production/MCAL/SPI/SPI_App.o
 .comment       0x000000000000002f       0x30 build/default/production/MCAL/TIMER0/TMR0_App.o
 .comment       0x000000000000002f       0x30 build/default/production/MCAL/TIMER1/TMR1_App.o
 .comment       0x000000000000002f       0x30 build/default/production/MCAL/UART/UART_App.o
 .comment       0x000000000000002f       0x30 build/default/production/main.o
 .comment       0x000000000000002f       0x30 build/default/production/OS/OS_App.o
 .comment       0x000000000000002f       0x2c c:/users/lenovo/desktop/mplab x ide/compiler/avr/bin/../lib/gcc/avr/5.4.0/../../../../avr/lib/avr5/memx-const\libc.a(exit.o)
                                         0x2d (size before relaxing)
 .comment       0x000000000000005b       0x2d c:/users/lenovo/desktop/mplab x ide/compiler/avr/bin/../lib/gcc/avr/5.4.0/../../../../avr/lib/avr5/memx-const\libc.a(_Exit.o)

.stack.descriptors.hdr
                0x0000000000000000       0x38
 .stack.descriptors.hdr
                0x0000000000000000        0xe c:/users/lenovo/desktop/mplab x ide/compiler/avr/bin/../lib/gcc/avr/5.4.0/avr5/memx-const\libgcc.a(_udivmodsi4.o)
 .stack.descriptors.hdr
                0x000000000000000e        0xe c:/users/lenovo/desktop/mplab x ide/compiler/avr/bin/../lib/gcc/avr/5.4.0/../../../../avr/lib/avr5/memx-const\libc.a(exit.o)
 .stack.descriptors.hdr
                0x000000000000001c        0xe c:/users/lenovo/desktop/mplab x ide/compiler/avr/bin/../lib/gcc/avr/5.4.0/../../../../avr/lib/avr5/memx-const\libc.a(_Exit.o)
 .stack.descriptors.hdr
                0x000000000000002a        0xe c:/users/lenovo/desktop/mplab x ide/compiler/avr/bin/../lib/gcc/avr/5.4.0/avr5/memx-const\libgcc.a(_exit.o)

.note.GNU-stack
                0x0000000000000000        0x0
 .note.GNU-stack
                0x0000000000000000        0x0 c:/users/lenovo/desktop/mplab x ide/compiler/avr/bin/../lib/gcc/avr/5.4.0/../../../../avr/lib/avr5/memx-const\libc.a(exit.o)
 .note.GNU-stack
                0x0000000000000000        0x0 c:/users/lenovo/desktop/mplab x ide/compiler/avr/bin/../lib/gcc/avr/5.4.0/../../../../avr/lib/avr5/memx-const\libc.a(_Exit.o)

.note.gnu.build-id
 *(.note.gnu.build-id)

.debug
 *(.debug)

.line
 *(.line)

.debug_srcinfo
 *(.debug_srcinfo)

.debug_sfnames
 *(.debug_sfnames)

.debug_aranges  0x0000000000000000      0x2d0
 *(.debug_aranges)
 .debug_aranges
                0x0000000000000000       0x30 build/default/production/HAL/LED/LED_App.o
 .debug_aranges
                0x0000000000000030       0x50 build/default/production/MCAL/ADC/ADC_App.o
 .debug_aranges
                0x0000000000000080       0x50 build/default/production/MCAL/DIO/DIO_App.o
 .debug_aranges
                0x00000000000000d0       0x28 build/default/production/MCAL/GIE/GIE_App.o
 .debug_aranges
                0x00000000000000f8       0x48 build/default/production/MCAL/INTERRUPT/INT_App.o
 .debug_aranges
                0x0000000000000140       0x28 build/default/production/MCAL/SPI/SPI_App.o
 .debug_aranges
                0x0000000000000168       0x40 build/default/production/MCAL/TIMER0/TMR0_App.o
 .debug_aranges
                0x00000000000001a8       0x78 build/default/production/MCAL/TIMER1/TMR1_App.o
 .debug_aranges
                0x0000000000000220       0x48 build/default/production/MCAL/UART/UART_App.o
 .debug_aranges
                0x0000000000000268       0x38 build/default/production/main.o
 .debug_aranges
                0x00000000000002a0       0x30 build/default/production/OS/OS_App.o

.debug_pubnames
 *(.debug_pubnames)

.debug_info     0x0000000000000000     0x3d18
 *(.debug_info .gnu.linkonce.wi.*)
 .debug_info    0x0000000000000000      0x4e6 C:/Users/LENOVO/Desktop/Mplab X IDE/installation/packs/Microchip/ATmega_DFP/3.0.158/xc8/avr/lib/avr5/memx-const/crtatmega32.o
 .debug_info    0x00000000000004e6      0x35d build/default/production/HAL/LED/LED_App.o
 .debug_info    0x0000000000000843      0x6d3 build/default/production/MCAL/ADC/ADC_App.o
 .debug_info    0x0000000000000f16      0x4ad build/default/production/MCAL/DIO/DIO_App.o
 .debug_info    0x00000000000013c3      0x2fb build/default/production/MCAL/GIE/GIE_App.o
 .debug_info    0x00000000000016be      0x458 build/default/production/MCAL/INTERRUPT/INT_App.o
 .debug_info    0x0000000000001b16      0x4ce build/default/production/MCAL/SPI/SPI_App.o
 .debug_info    0x0000000000001fe4      0x51f build/default/production/MCAL/TIMER0/TMR0_App.o
 .debug_info    0x0000000000002503      0x72e build/default/production/MCAL/TIMER1/TMR1_App.o
 .debug_info    0x0000000000002c31      0x625 build/default/production/MCAL/UART/UART_App.o
 .debug_info    0x0000000000003256      0x676 build/default/production/main.o
 .debug_info    0x00000000000038cc      0x44c build/default/production/OS/OS_App.o

.debug_abbrev   0x0000000000000000      0xee1
 *(.debug_abbrev)
 .debug_abbrev  0x0000000000000000      0x4a3 C:/Users/LENOVO/Desktop/Mplab X IDE/installation/packs/Microchip/ATmega_DFP/3.0.158/xc8/avr/lib/avr5/memx-const/crtatmega32.o
 .debug_abbrev  0x00000000000004a3       0x7e build/default/production/HAL/LED/LED_App.o
 .debug_abbrev  0x0000000000000521      0x1b6 build/default/production/MCAL/ADC/ADC_App.o
 .debug_abbrev  0x00000000000006d7       0xba build/default/production/MCAL/DIO/DIO_App.o
 .debug_abbrev  0x0000000000000791       0x46 build/default/production/MCAL/GIE/GIE_App.o
 .debug_abbrev  0x00000000000007d7       0x8e build/default/production/MCAL/INTERRUPT/INT_App.o
 .debug_abbrev  0x0000000000000865       0xe8 build/default/production/MCAL/SPI/SPI_App.o
 .debug_abbrev  0x000000000000094d      0x116 build/default/production/MCAL/TIMER0/TMR0_App.o
 .debug_abbrev  0x0000000000000a63      0x14e build/default/production/MCAL/TIMER1/TMR1_App.o
 .debug_abbrev  0x0000000000000bb1       0xe4 build/default/production/MCAL/UART/UART_App.o
 .debug_abbrev  0x0000000000000c95      0x10c build/default/production/main.o
 .debug_abbrev  0x0000000000000da1      0x140 build/default/production/OS/OS_App.o

.debug_line     0x0000000000000000     0x118a
 *(.debug_line .debug_line.* .debug_line_end)
 .debug_line    0x0000000000000000      0x119 C:/Users/LENOVO/Desktop/Mplab X IDE/installation/packs/Microchip/ATmega_DFP/3.0.158/xc8/avr/lib/avr5/memx-const/crtatmega32.o
 .debug_line    0x0000000000000119      0x14d build/default/production/HAL/LED/LED_App.o
 .debug_line    0x0000000000000266      0x23a build/default/production/MCAL/ADC/ADC_App.o
 .debug_line    0x00000000000004a0      0x2bf build/default/production/MCAL/DIO/DIO_App.o
 .debug_line    0x000000000000075f       0x7c build/default/production/MCAL/GIE/GIE_App.o
 .debug_line    0x00000000000007db      0x128 build/default/production/MCAL/INTERRUPT/INT_App.o
 .debug_line    0x0000000000000903       0xe8 build/default/production/MCAL/SPI/SPI_App.o
 .debug_line    0x00000000000009eb      0x16d build/default/production/MCAL/TIMER0/TMR0_App.o
 .debug_line    0x0000000000000b58      0x267 build/default/production/MCAL/TIMER1/TMR1_App.o
 .debug_line    0x0000000000000dbf      0x149 build/default/production/MCAL/UART/UART_App.o
 .debug_line    0x0000000000000f08      0x179 build/default/production/main.o
 .debug_line    0x0000000000001081      0x109 build/default/production/OS/OS_App.o

.debug_frame    0x0000000000000000      0x6f4
 *(.debug_frame)
 .debug_frame   0x0000000000000000       0x44 build/default/production/HAL/LED/LED_App.o
 .debug_frame   0x0000000000000044       0xcc build/default/production/MCAL/ADC/ADC_App.o
 .debug_frame   0x0000000000000110       0x84 build/default/production/MCAL/DIO/DIO_App.o
 .debug_frame   0x0000000000000194       0x34 build/default/production/MCAL/GIE/GIE_App.o
 .debug_frame   0x00000000000001c8      0x14c build/default/production/MCAL/INTERRUPT/INT_App.o
 .debug_frame   0x0000000000000314       0x34 build/default/production/MCAL/SPI/SPI_App.o
 .debug_frame   0x0000000000000348       0xb4 build/default/production/MCAL/TIMER0/TMR0_App.o
 .debug_frame   0x00000000000003fc      0x170 build/default/production/MCAL/TIMER1/TMR1_App.o
 .debug_frame   0x000000000000056c       0xc8 build/default/production/MCAL/UART/UART_App.o
 .debug_frame   0x0000000000000634       0x54 build/default/production/main.o
 .debug_frame   0x0000000000000688       0x6c build/default/production/OS/OS_App.o

.debug_str      0x0000000000000000      0x23c
 *(.debug_str)
 .debug_str     0x0000000000000000      0x196 C:/Users/LENOVO/Desktop/Mplab X IDE/installation/packs/Microchip/ATmega_DFP/3.0.158/xc8/avr/lib/avr5/memx-const/crtatmega32.o
 .debug_str     0x0000000000000196        0x0 build/default/production/HAL/LED/LED_App.o
 .debug_str     0x0000000000000196        0x0 build/default/production/MCAL/ADC/ADC_App.o
 .debug_str     0x0000000000000196        0x5 build/default/production/MCAL/DIO/DIO_App.o
 .debug_str     0x000000000000019b        0x0 build/default/production/MCAL/GIE/GIE_App.o
 .debug_str     0x000000000000019b        0x0 build/default/production/MCAL/INTERRUPT/INT_App.o
 .debug_str     0x000000000000019b       0x19 build/default/production/MCAL/SPI/SPI_App.o
 .debug_str     0x00000000000001b4        0xc build/default/production/MCAL/TIMER0/TMR0_App.o
 .debug_str     0x00000000000001c0       0x18 build/default/production/MCAL/TIMER1/TMR1_App.o
 .debug_str     0x00000000000001d8        0x0 build/default/production/MCAL/UART/UART_App.o
 .debug_str     0x00000000000001d8       0x42 build/default/production/main.o
 .debug_str     0x000000000000021a       0x22 build/default/production/OS/OS_App.o

.debug_loc      0x0000000000000000      0x7f8
 *(.debug_loc)
 .debug_loc     0x0000000000000000      0x144 build/default/production/HAL/LED/LED_App.o
 .debug_loc     0x0000000000000144       0x9a build/default/production/MCAL/ADC/ADC_App.o
 .debug_loc     0x00000000000001de      0x40c build/default/production/MCAL/DIO/DIO_App.o
 .debug_loc     0x00000000000005ea       0x26 build/default/production/MCAL/SPI/SPI_App.o
 .debug_loc     0x0000000000000610       0xc4 build/default/production/MCAL/TIMER0/TMR0_App.o
 .debug_loc     0x00000000000006d4       0x6c build/default/production/MCAL/TIMER1/TMR1_App.o
 .debug_loc     0x0000000000000740       0x52 build/default/production/MCAL/UART/UART_App.o
 .debug_loc     0x0000000000000792       0x66 build/default/production/OS/OS_App.o

.debug_macinfo
 *(.debug_macinfo)

.debug_weaknames
 *(.debug_weaknames)

.debug_funcnames
 *(.debug_funcnames)

.debug_typenames
 *(.debug_typenames)

.debug_varnames
 *(.debug_varnames)

.debug_pubtypes
 *(.debug_pubtypes)

.debug_ranges   0x0000000000000000      0x220
 *(.debug_ranges)
 .debug_ranges  0x0000000000000000       0x20 build/default/production/HAL/LED/LED_App.o
 .debug_ranges  0x0000000000000020       0x40 build/default/production/MCAL/ADC/ADC_App.o
 .debug_ranges  0x0000000000000060       0x40 build/default/production/MCAL/DIO/DIO_App.o
 .debug_ranges  0x00000000000000a0       0x18 build/default/production/MCAL/GIE/GIE_App.o
 .debug_ranges  0x00000000000000b8       0x38 build/default/production/MCAL/INTERRUPT/INT_App.o
 .debug_ranges  0x00000000000000f0       0x18 build/default/production/MCAL/SPI/SPI_App.o
 .debug_ranges  0x0000000000000108       0x30 build/default/production/MCAL/TIMER0/TMR0_App.o
 .debug_ranges  0x0000000000000138       0x68 build/default/production/MCAL/TIMER1/TMR1_App.o
 .debug_ranges  0x00000000000001a0       0x38 build/default/production/MCAL/UART/UART_App.o
 .debug_ranges  0x00000000000001d8       0x28 build/default/production/main.o
 .debug_ranges  0x0000000000000200       0x20 build/default/production/OS/OS_App.o

.debug_macro
 *(.debug_macro)
OUTPUT(dist/default/production/AVR_testng.production.elf elf32-avr)
LOAD linker stubs
LOAD data_init

.note.gnu.avr.deviceinfo
                0x0000000000000000       0x3c
 .note.gnu.avr.deviceinfo
                0x0000000000000000       0x3c C:/Users/LENOVO/Desktop/Mplab X IDE/installation/packs/Microchip/ATmega_DFP/3.0.158/xc8/avr/lib/avr5/memx-const/crtatmega32.o

.bss.ADC_BusyState
                0x000000000080009a        0x1
 .bss.ADC_BusyState
                0x000000000080009a        0x1 build/default/production/MCAL/ADC/ADC_App.o

.bss.ADC_Reading
                0x0000000000800084        0x2
 .bss.ADC_Reading
                0x0000000000800084        0x2 build/default/production/MCAL/ADC/ADC_App.o

.bss.ADC_InterruptHandler
                0x0000000000800086        0x2
 .bss.ADC_InterruptHandler
                0x0000000000800086        0x2 build/default/production/MCAL/ADC/ADC_App.o

.bss.INT2_Interrupt_Handler
                0x0000000000800088        0x2
 .bss.INT2_Interrupt_Handler
                0x0000000000800088        0x2 build/default/production/MCAL/INTERRUPT/INT_App.o

.bss.INT1_Interrupt_Handler
                0x000000000080008a        0x2
 .bss.INT1_Interrupt_Handler
                0x000000000080008a        0x2 build/default/production/MCAL/INTERRUPT/INT_App.o

.bss.INT0_Interrupt_Handler
                0x000000000080008c        0x2
 .bss.INT0_Interrupt_Handler
                0x000000000080008c        0x2 build/default/production/MCAL/INTERRUPT/INT_App.o

.bss.TMR0_INT_HANDLER
                0x000000000080008e        0x2
 .bss.TMR0_INT_HANDLER
                0x000000000080008e        0x2 build/default/production/MCAL/TIMER0/TMR0_App.o

.bss.ICU1_Interrupt_Handler
                0x0000000000800090        0x2
 .bss.ICU1_Interrupt_Handler
                0x0000000000800090        0x2 build/default/production/MCAL/TIMER1/TMR1_App.o

.bss.timer1_preloded_value
                0x0000000000800092        0x2
 .bss.timer1_preloded_value
                0x0000000000800092        0x2 build/default/production/MCAL/TIMER1/TMR1_App.o

.bss.TMR1_Interrupt_Handler
                0x0000000000800094        0x2
 .bss.TMR1_Interrupt_Handler
                0x0000000000800094        0x2 build/default/production/MCAL/TIMER1/TMR1_App.o

.bss.UART_REC_INTERRUPT_HANDLER
                0x0000000000800096        0x2
 .bss.UART_REC_INTERRUPT_HANDLER
                0x0000000000800096        0x2 build/default/production/MCAL/UART/UART_App.o
                0x0000000000800096                UART_REC_INTERRUPT_HANDLER

.bss.OS_Tasks   0x0000000000800060       0x24
 .bss.OS_Tasks  0x0000000000800060       0x24 build/default/production/OS/OS_App.o

.bss.TicksCounter
                0x0000000000800098        0x2
 .bss.TicksCounter
                0x0000000000800098        0x2 build/default/production/OS/OS_App.o

.text.DIO_PinInit
                0x00000000000000ae       0xe0
 .text.DIO_PinInit
                0x00000000000000ae       0xe0 build/default/production/MCAL/DIO/DIO_App.o
                0x00000000000000ae                DIO_PinInit

.text.main      0x000000000000018e       0xa6
 .text.main     0x000000000000018e       0xa6 build/default/production/main.o
                0x000000000000018e                main

.text.LED_Off   0x0000000000000234       0x90
 .text.LED_Off  0x0000000000000234       0x90 build/default/production/HAL/LED/LED_App.o
                0x0000000000000234                LED_Off

.text.Scheduler
                0x00000000000002c4       0x8a
 .text.Scheduler
                0x00000000000002c4       0x8a build/default/production/OS/OS_App.o

.text.LED_Toggle
                0x000000000000034e       0x68
 .text.LED_Toggle
                0x000000000000034e       0x68 build/default/production/HAL/LED/LED_App.o
                0x000000000000034e                LED_Toggle

.text.__vector_16
                0x00000000000003b6       0x68
 .text.__vector_16
                0x00000000000003b6       0x68 build/default/production/MCAL/ADC/ADC_App.o
                0x00000000000003b6                __vector_16

.text.__vector_9
                0x000000000000041e       0x62
 .text.__vector_9
                0x000000000000041e       0x62 build/default/production/MCAL/TIMER1/TMR1_App.o
                0x000000000000041e                __vector_9

.text.__vector_13
                0x0000000000000480       0x58
 .text.__vector_13
                0x0000000000000480       0x58 build/default/production/MCAL/UART/UART_App.o
                0x0000000000000480                __vector_13

.text.__vector_11
                0x00000000000004d8       0x52
 .text.__vector_11
                0x00000000000004d8       0x52 build/default/production/MCAL/TIMER0/TMR0_App.o
                0x00000000000004d8                __vector_11

.text.__vector_6
                0x000000000000052a       0x52
 .text.__vector_6
                0x000000000000052a       0x52 build/default/production/MCAL/TIMER1/TMR1_App.o
                0x000000000000052a                __vector_6

.text.OS_CreateTask
                0x000000000000057c       0x50
 .text.OS_CreateTask
                0x000000000000057c       0x50 build/default/production/OS/OS_App.o
                0x000000000000057c                OS_CreateTask

.text.__vector_1
                0x00000000000005cc       0x4e
 .text.__vector_1
                0x00000000000005cc       0x4e build/default/production/MCAL/INTERRUPT/INT_App.o
                0x00000000000005cc                __vector_1

.text.__vector_2
                0x000000000000061a       0x4e
 .text.__vector_2
                0x000000000000061a       0x4e build/default/production/MCAL/INTERRUPT/INT_App.o
                0x000000000000061a                __vector_2

.text.__vector_3
                0x0000000000000668       0x4e
 .text.__vector_3
                0x0000000000000668       0x4e build/default/production/MCAL/INTERRUPT/INT_App.o
                0x0000000000000668                __vector_3

.text.libgcc.div
                0x00000000000006b6       0x44
 .text.libgcc.div
                0x00000000000006b6       0x44 c:/users/lenovo/desktop/mplab x ide/compiler/avr/bin/../lib/gcc/avr/5.4.0/avr5/memx-const\libgcc.a(_udivmodsi4.o)
                0x00000000000006b6                __udivmodsi4

.text.TMR0_Init
                0x00000000000006fa       0x34
 .text.TMR0_Init
                0x00000000000006fa       0x34 build/default/production/MCAL/TIMER0/TMR0_App.o
                0x00000000000006fa                TMR0_Init

.text.exit      0x000000000000072e       0x16
 .text.exit     0x000000000000072e       0x16 c:/users/lenovo/desktop/mplab x ide/compiler/avr/bin/../lib/gcc/avr/5.4.0/../../../../avr/lib/avr5/memx-const\libc.a(exit.o)
                0x000000000000072e                exit

.text.__vector_10
                0x0000000000000744        0xc
 .text.__vector_10
                0x0000000000000744        0xc build/default/production/MCAL/TIMER0/TMR0_App.o
                0x0000000000000744                __vector_10

.text.Task1_ISR
                0x0000000000000750        0xa
 .text.Task1_ISR
                0x0000000000000750        0xa build/default/production/main.o
                0x0000000000000750                Task1_ISR

.text.Task2_ISR
                0x000000000000075a        0xa
 .text.Task2_ISR
                0x000000000000075a        0xa build/default/production/main.o
                0x000000000000075a                Task2_ISR

.text.Task3_ISR
                0x0000000000000764        0xa
 .text.Task3_ISR
                0x0000000000000764        0xa build/default/production/main.o
                0x0000000000000764                Task3_ISR

.text.OS_Start  0x000000000000076e        0xa
 .text.OS_Start
                0x000000000000076e        0xa build/default/production/OS/OS_App.o
                0x000000000000076e                OS_Start

.text           0x0000000000000778        0x4
 .text          0x0000000000000778        0x4 C:/Users/LENOVO/Desktop/Mplab X IDE/installation/packs/Microchip/ATmega_DFP/3.0.158/xc8/avr/lib/avr5/memx-const/crtatmega32.o
                0x0000000000000778                __bad_interrupt
                0x0000000000000778                __vector_17
                0x0000000000000778                __vector_19
                0x0000000000000778                __vector_5
                0x0000000000000778                __vector_4
                0x0000000000000778                __vector_15
                0x0000000000000778                __vector_14
                0x0000000000000778                __vector_18
                0x0000000000000778                __vector_20

.text.GIE_InterruptEnable
                0x000000000000077c        0x4
 .text.GIE_InterruptEnable
                0x000000000000077c        0x4 build/default/production/MCAL/GIE/GIE_App.o
                0x000000000000077c                GIE_InterruptEnable

.text._Exit     0x0000000000000780        0x4
 .text._Exit    0x0000000000000780        0x4 c:/users/lenovo/desktop/mplab x ide/compiler/avr/bin/../lib/gcc/avr/5.4.0/../../../../avr/lib/avr5/memx-const\libc.a(_Exit.o)
                0x0000000000000780                _Exit

.text.__vector_12
                0x0000000000000784        0x2
 .text.__vector_12
                0x0000000000000784        0x2 build/default/production/MCAL/SPI/SPI_App.o
                0x0000000000000784                __vector_12

.text.__vector_7
                0x0000000000000786        0x2
 .text.__vector_7
                0x0000000000000786        0x2 build/default/production/MCAL/TIMER1/TMR1_App.o
                0x0000000000000786                __vector_7

.text.__vector_8
                0x0000000000000788        0x2
 .text.__vector_8
                0x0000000000000788        0x2 build/default/production/MCAL/TIMER1/TMR1_App.o
                0x0000000000000788                __vector_8

.text.__dummy_fini
                0x000000000000078a        0x2
 .text.__dummy_fini
                0x000000000000078a        0x2 c:/users/lenovo/desktop/mplab x ide/compiler/avr/bin/../lib/gcc/avr/5.4.0/../../../../avr/lib/avr5/memx-const\libc.a(exit.o)
                0x000000000000078a                _fini

.text.__dummy_funcs_on_exit
                0x000000000000078c        0x2
 .text.__dummy_funcs_on_exit
                0x000000000000078c        0x2 c:/users/lenovo/desktop/mplab x ide/compiler/avr/bin/../lib/gcc/avr/5.4.0/../../../../avr/lib/avr5/memx-const\libc.a(exit.o)
                0x000000000000078c                __funcs_on_exit

.text.__dummy_simulator_exit
                0x000000000000078e        0x2
 .text.__dummy_simulator_exit
                0x000000000000078e        0x2 c:/users/lenovo/desktop/mplab x ide/compiler/avr/bin/../lib/gcc/avr/5.4.0/../../../../avr/lib/avr5/memx-const\libc.a(exit.o)
                0x000000000000078e                __simulator_exit
